]0;~/Documents/Emory/research/workshops/stl/model[?1034h6300L-127771-M:model malishev$ [K6300L-127771-M:model malishev$ cd
]0;~6300L-127771-M:~ malishev$ cd ..
]0;/Users6300L-127771-M:Users malishev$ cd /[K~/U[Km[KDocuments/EM[Kmory/research/workshops/mod[K[K[Kstl/md[Kd[Kodel/
]0;~/Documents/Emory/research/workshops/stl/model6300L-127771-M:model malishev$ git init
Initialized empty Git repository in /Users/malishev/Documents/Emory/research/workshops/stl/model/.git/
]0;~/Documents/Emory/research/workshops/stl/model6300L-127771-M:model malishev$ git add .
]0;~/Documents/Emory/research/workshops/stl/model6300L-127771-M:model malishev$ git g[Kcommit -m ''i'n'i't' 'c'o'm'm'i't'
[master (root-commit) 8915142] init commit
 22 files changed, 423 insertions(+)
 create mode 100644 .Rhistory
 create mode 100644 .Rproj.user/ABE7B653/console06/729B3ED8
 create mode 100644 .Rproj.user/ABE7B653/console06/729B3ED8.env
 create mode 100644 .Rproj.user/ABE7B653/console06/INDEX001
 create mode 100644 .Rproj.user/ABE7B653/pcs/files-pane.pper
 create mode 100644 .Rproj.user/ABE7B653/pcs/source-pane.pper
 create mode 100644 .Rproj.user/ABE7B653/pcs/windowlayoutstate.pper
 create mode 100644 .Rproj.user/ABE7B653/pcs/workbench-pane.pper
 create mode 100644 .Rproj.user/ABE7B653/rmd-outputs
 create mode 100644 .Rproj.user/ABE7B653/saved_source_markers
 create mode 100644 .Rproj.user/ABE7B653/sources/prop/63DFB668
 create mode 100644 .Rproj.user/ABE7B653/sources/prop/INDEX
 create mode 100644 .Rproj.user/ABE7B653/sources/s-AD14A32/517F24DB
 create mode 100644 .Rproj.user/ABE7B653/sources/s-AD14A32/517F24DB-contents
 create mode 100644 .Rproj.user/ABE7B653/sources/s-AD14A32/lock_file
 create mode 100644 .Rproj.user/shared/notebooks/patch-chunk-names
 create mode 100644 NPSI.R
 create mode 100644 NPSI.Rproj
 create mode 100644 README.md
 create mode 100644 pi_death_beta.pdf
 create mode 100644 pis_death_beta.pdf
 create mode 100644 pt_beta_death.pdf
]0;~/Documents/Emory/research/workshops/stl/model6300L-127771-M:model malishev$ git ,og
git: ',og' is not a git command. See 'git --help'.

Did you mean this?
	log
]0;~/Documents/Emory/research/workshops/stl/model6300L-127771-M:model malishev$ git ,og[K[K[Klog
[?1h=[33mcommit 8915142ae7629263ddc1dd1c7050bb7561ebaa0e[m[m
Author: darwinanddavis <matthew.malishev@gmail.com>[m
Date:   Fri Dec 7 17:15:41 2018 -0600[m
[m
    init commit[m
[K6300L-127771-M:model malishev$ ls -a
.		.Rhistory	.gitignore	README.md
..		.Rproj.user	NPSI.R		lec.jpeg
.DS_Store	.git		NPSI.Rproj
]0;~/Documents/Emory/research/workshops/stl/model6300L-127771-M:model malishev$ git add .
]0;~/Documents/Emory/research/workshops/stl/model6300L-127771-M:model malishev$ git commit -m ''b'e't'a' 't'e's't'
[master 442b207] beta test
 6 files changed, 222 insertions(+), 5 deletions(-)
 rewrite .Rproj.user/ABE7B653/console06/INDEX001 (86%)
 create mode 100644 NPSI.R
 create mode 100644 NPSI.Rproj
]0;~/Documents/Emory/research/workshops/stl/model6300L-127771-M:model malishev$ git remote -v
origin	https://github.com/darwinanddavis/LECWorkingGroup (fetch)
origin	https://github.com/darwinanddavis/LECWorkingGroup (push)
]0;~/Documents/Emory/research/workshops/stl/model6300L-127771-M:model malishev$ git push
Counting objects: 13, done.
Delta compression using up to 4 threads.
Compressing objects:   8% (1/12)   Compressing objects:  16% (2/12)   Compressing objects:  25% (3/12)   Compressing objects:  33% (4/12)   Compressing objects:  41% (5/12)   Compressing objects:  50% (6/12)   Compressing objects:  58% (7/12)   Compressing objects:  66% (8/12)   Compressing objects:  75% (9/12)   Compressing objects:  83% (10/12)   Compressing objects:  91% (11/12)   Compressing objects: 100% (12/12)   Compressing objects: 100% (12/12), done.
Writing objects:   7% (1/13)   Writing objects:  15% (2/13)   Writing objects:  23% (3/13)   Writing objects:  30% (4/13)   Writing objects:  38% (5/13)   Writing objects:  46% (6/13)   Writing objects:  53% (7/13)   Writing objects:  61% (8/13)   Writing objects:  69% (9/13)   Writing objects:  76% (10/13)   Writing objects:  84% (11/13)   Writing objects:  92% (12/13)   Writing objects: 100% (13/13)   Writing objects: 100% (13/13), 3.96 KiB | 0 bytes/s, done.
Total 13 (delta 4), reused 0 (delta 0)
remote: Resolving deltas:   0% (0/4)   [Kremote: Resolving deltas:  25% (1/4)   [Kremote: Resolving deltas:  50% (2/4)   [Kremote: Resolving deltas:  75% (3/4)   [Kremote: Resolving deltas: 100% (4/4)   [Kremote: Resolving deltas: 100% (4/4), completed with 4 local objects.[K
To https://github.com/darwinanddavis/LECWorkingGroup
   03aadc7..442b207  master -> master
]0;~/Documents/Emory/research/workshops/stl/model6300L-127771-M:model malishev$ open EW[K[KREADME.md 
]0;~/Documents/Emory/research/workshops/stl/model6300L-127771-M:model malishev$ git add .[KREADME.md 
]0;~/Documents/Emory/research/workshops/stl/model6300L-127771-M:model malishev$ git commi t0m[K[K[K[Kt 0[K-m ''r'e'a'd'm'e'
[master ffda010] readme
 1 file changed, 2 insertions(+), 2 deletions(-)
]0;~/Documents/Emory/research/workshops/stl/model6300L-127771-M:model malishev$ git pois[K[K[Kush
Counting objects: 3, done.
Delta compression using up to 4 threads.
Compressing objects:  33% (1/3)   Compressing objects:  66% (2/3)   Compressing objects: 100% (3/3)   Compressing objects: 100% (3/3), done.
Writing objects:  33% (1/3)   Writing objects:  66% (2/3)   Writing objects: 100% (3/3)   Writing objects: 100% (3/3), 424 bytes | 0 bytes/s, done.
Total 3 (delta 2), reused 0 (delta 0)
remote: Resolving deltas:   0% (0/2)   [Kremote: Resolving deltas:  50% (1/2)   [Kremote: Resolving deltas: 100% (2/2)   [Kremote: Resolving deltas: 100% (2/2), completed with 2 local objects.[K
To https://github.com/darwinanddavis/LECWorkingGroup
   442b207..ffda010  master -> master
]0;~/Documents/Emory/research/workshops/stl/model6300L-127771-M:model malishev$ git pushcommit -m 'readme'[4Padd README.md 
]0;~/Documents/Emory/research/workshops/stl/model6300L-127771-M:model malishev$ git add README.md push[Kcommit -m 'readme'
[master 6bed0b5] readme
 1 file changed, 1 insertion(+), 1 deletion(-)
]0;~/Documents/Emory/research/workshops/stl/model6300L-127771-M:model malishev$ git commit -m 'readme'[4Padd README.md push[K
Counting objects: 3, done.
Delta compression using up to 4 threads.
Compressing objects:  33% (1/3)   Compressing objects:  66% (2/3)   Compressing objects: 100% (3/3)   Compressing objects: 100% (3/3), done.
Writing objects:  33% (1/3)   Writing objects:  66% (2/3)   Writing objects: 100% (3/3)   Writing objects: 100% (3/3), 306 bytes | 0 bytes/s, done.
Total 3 (delta 2), reused 0 (delta 0)
remote: Resolving deltas:   0% (0/2)   [Kremote: Resolving deltas:  50% (1/2)   [Kremote: Resolving deltas: 100% (2/2)   [Kremote: Resolving deltas: 100% (2/2), completed with 2 local objects.[K
To https://github.com/darwinanddavis/LECWorkingGroup
   ffda010..6bed0b5  master -> master
]0;~/Documents/Emory/research/workshops/stl/model6300L-127771-M:model malishev$ git pushcommit -m 'readme'[4Padd README.md 
]0;~/Documents/Emory/research/workshops/stl/model6300L-127771-M:model malishev$ git add README.md push[Kcommit -m 'readme'
On branch master
Your branch is up-to-date with 'origin/master'.
Changes not staged for commit:
	[31mmodified:   .Rproj.user/ABE7B653/console06/729B3ED8[m

no changes added to commit
]0;~/Documents/Emory/research/workshops/stl/model6300L-127771-M:model malishev$ git commit -m 'readme'[4Padd README.md commit -m 'readme'[Kgit add[K[K[Kreset
Unstaged changes after reset:
M	.Rproj.user/ABE7B653/console06/729B3ED8
]0;~/Documents/Emory/research/workshops/stl/model6300L-127771-M:model malishev$ git add .
]0;~/Documents/Emory/research/workshops/stl/model6300L-127771-M:model malishev$ git commit -m ''r'e'a'd'm'e'
[master 4fef33c] readme
 1 file changed, 57 insertions(+)
]0;~/Documents/Emory/research/workshops/stl/model6300L-127771-M:model malishev$ git commit -m 'readme'add .[Kresetcommit -m 'readme'[4Padd README.md push[K
Counting objects: 6, done.
Delta compression using up to 4 threads.
Compressing objects:  16% (1/6)   Compressing objects:  33% (2/6)   Compressing objects:  50% (3/6)   Compressing objects:  66% (4/6)   Compressing objects:  83% (5/6)   Compressing objects: 100% (6/6)   Compressing objects: 100% (6/6), done.
Writing objects:  16% (1/6)   Writing objects:  33% (2/6)   Writing objects:  50% (3/6)   Writing objects:  66% (4/6)   Writing objects:  83% (5/6)   Writing objects: 100% (6/6)   Writing objects: 100% (6/6), 2.16 KiB | 0 bytes/s, done.
Total 6 (delta 2), reused 0 (delta 0)
remote: Resolving deltas:   0% (0/2)   [Kremote: Resolving deltas:  50% (1/2)   [Kremote: Resolving deltas: 100% (2/2)   [Kremote: Resolving deltas: 100% (2/2), completed with 2 local objects.[K
To https://github.com/darwinanddavis/LECWorkingGroup
   6bed0b5..4fef33c  master -> master
]0;~/Documents/Emory/research/workshops/stl/model6300L-127771-M:model malishev$ git push[Kgit pushcommit -m 'readme'add .[K
]0;~/Documents/Emory/research/workshops/stl/model6300L-127771-M:model malishev$ git add .[1Ppushcommit -m 'readme'
[master bdda0e9] readme
 1 file changed, 13 insertions(+)
]0;~/Documents/Emory/research/workshops/stl/model6300L-127771-M:model malishev$ git commit -m 'readme'add .[K[1Ppush
Counting objects: 6, done.
Delta compression using up to 4 threads.
Compressing objects:  16% (1/6)   Compressing objects:  33% (2/6)   Compressing objects:  50% (3/6)   Compressing objects:  66% (4/6)   Compressing objects:  83% (5/6)   Compressing objects: 100% (6/6)   Compressing objects: 100% (6/6), done.
Writing objects:  16% (1/6)   Writing objects:  33% (2/6)   Writing objects:  50% (3/6)   Writing objects:  66% (4/6)   Writing objects:  83% (5/6)   Writing objects: 100% (6/6)   Writing objects: 100% (6/6), 776 bytes | 0 bytes/s, done.
Total 6 (delta 3), reused 0 (delta 0)
remote: Resolving deltas:   0% (0/3)   [Kremote: Resolving deltas:  33% (1/3)   [Kremote: Resolving deltas:  66% (2/3)   [Kremote: Resolving deltas: 100% (3/3)   [Kremote: Resolving deltas: 100% (3/3), completed with 3 local objects.[K
To https://github.com/darwinanddavis/LECWorkingGroup
   4fef33c..bdda0e9  master -> master
]0;~/Documents/Emory/research/workshops/stl/model6300L-127771-M:model malishev$ git add .
]0;~/Documents/Emory/research/workshops/stl/model6300L-127771-M:model malishev$ git commit -m ''r'e'a'd'm'e'
[master 2f7685f] readme
 1 file changed, 13 insertions(+)
]0;~/Documents/Emory/research/workshops/stl/model6300L-127771-M:model malishev$ git commit -m 'readme'add .[K[1Ppush[K[K[K[Kremove -v
git: 'remove' is not a git command. See 'git --help'.

Did you mean this?
	remote
]0;~/Documents/Emory/research/workshops/stl/model6300L-127771-M:model malishev$ git remove -v[1P[1@t
origin	https://github.com/darwinanddavis/LECWorkingGroup (fetch)
origin	https://github.com/darwinanddavis/LECWorkingGroup (push)
]0;~/Documents/Emory/research/workshops/stl/model6300L-127771-M:model malishev$ git push
Counting objects: 6, done.
Delta compression using up to 4 threads.
Compressing objects:  16% (1/6)   Compressing objects:  33% (2/6)   Compressing objects:  50% (3/6)   Compressing objects:  66% (4/6)   Compressing objects:  83% (5/6)   Compressing objects: 100% (6/6)   Compressing objects: 100% (6/6), done.
Writing objects:  16% (1/6)   Writing objects:  33% (2/6)   Writing objects:  50% (3/6)   Writing objects:  66% (4/6)   Writing objects:  83% (5/6)   Writing objects: 100% (6/6)   Writing objects: 100% (6/6), 705 bytes | 0 bytes/s, done.
Total 6 (delta 3), reused 0 (delta 0)
remote: Resolving deltas:   0% (0/3)   [Kremote: Resolving deltas:  33% (1/3)   [Kremote: Resolving deltas:  66% (2/3)   [Kremote: Resolving deltas: 100% (3/3)   [Kremote: Resolving deltas: 100% (3/3), completed with 3 local objects.[K
To https://github.com/darwinanddavis/LECWorkingGroup
   bdda0e9..2f7685f  master -> master
]0;~/Documents/Emory/research/workshops/stl/model6300L-127771-M:model malishev$ git pushremote -vv[C[C[C[Ccommit -m 'readme'add .[K
]0;~/Documents/Emory/research/workshops/stl/model6300L-127771-M:model malishev$ git add .[1Ppushremote -vv[C[C[C[Ccommit -m 'readme'
[master 4ce1476] readme
 2 files changed, 23 insertions(+), 2 deletions(-)
]0;~/Documents/Emory/research/workshops/stl/model6300L-127771-M:model malishev$ git commit -m 'readme'add .[K[1Ppushremote -v[5Ppush
Counting objects: 7, done.
Delta compression using up to 4 threads.
Compressing objects:  14% (1/7)   Compressing objects:  28% (2/7)   Compressing objects:  42% (3/7)   Compressing objects:  57% (4/7)   Compressing objects:  71% (5/7)   Compressing objects:  85% (6/7)   Compressing objects: 100% (7/7)   Compressing objects: 100% (7/7), done.
Writing objects:  14% (1/7)   Writing objects:  28% (2/7)   Writing objects:  42% (3/7)   Writing objects:  57% (4/7)   Writing objects:  71% (5/7)   Writing objects:  85% (6/7)   Writing objects: 100% (7/7)   Writing objects: 100% (7/7), 851 bytes | 0 bytes/s, done.
Total 7 (delta 4), reused 0 (delta 0)
remote: Resolving deltas:   0% (0/4)   [Kremote: Resolving deltas:  25% (1/4)   [Kremote: Resolving deltas:  50% (2/4)   [Kremote: Resolving deltas:  75% (3/4)   [Kremote: Resolving deltas: 100% (4/4)   [Kremote: Resolving deltas: 100% (4/4), completed with 4 local objects.[K
To https://github.com/darwinanddavis/LECWorkingGroup
   2f7685f..4ce1476  master -> master
]0;~/Documents/Emory/research/workshops/stl/model6300L-127771-M:model malishev$ git pushcommit -m 'readme'add .[K
]0;~/Documents/Emory/research/workshops/stl/model6300L-127771-M:model malishev$ git add .[1Ppushcommit -m 'readme'
[master 2a347ce] readme
 2 files changed, 15 insertions(+), 1 deletion(-)
]0;~/Documents/Emory/research/workshops/stl/model6300L-127771-M:model malishev$ git commit -m 'readme'add .[K[1Ppush
Counting objects: 7, done.
Delta compression using up to 4 threads.
Compressing objects:  14% (1/7)   Compressing objects:  28% (2/7)   Compressing objects:  42% (3/7)   Compressing objects:  57% (4/7)   Compressing objects:  71% (5/7)   Compressing objects:  85% (6/7)   Compressing objects: 100% (7/7)   Compressing objects: 100% (7/7), done.
Writing objects:  14% (1/7)   Writing objects:  28% (2/7)   Writing objects:  42% (3/7)   Writing objects:  57% (4/7)   Writing objects:  71% (5/7)   Writing objects:  85% (6/7)   Writing objects: 100% (7/7)   Writing objects: 100% (7/7), 938 bytes | 0 bytes/s, done.
Total 7 (delta 4), reused 0 (delta 0)
remote: Resolving deltas:   0% (0/4)   [Kremote: Resolving deltas:  25% (1/4)   [Kremote: Resolving deltas:  50% (2/4)   [Kremote: Resolving deltas:  75% (3/4)   [Kremote: Resolving deltas: 100% (4/4)   [Kremote: Resolving deltas: 100% (4/4), completed with 4 local objects.[K
To https://github.com/darwinanddavis/LECWorkingGroup
   4ce1476..2a347ce  master -> master
]0;~/Documents/Emory/research/workshops/stl/model6300L-127771-M:model malishev$ git pushcommit -m 'readme'add .[K
]0;~/Documents/Emory/research/workshops/stl/model6300L-127771-M:model malishev$ git add .[1Ppushcommit -m 'readme'
[master 84792d0] readme
 2 files changed, 14 insertions(+), 1 deletion(-)
]0;~/Documents/Emory/research/workshops/stl/model6300L-127771-M:model malishev$ git commit -m 'readme'add .[K[1Ppush
Counting objects: 7, done.
Delta compression using up to 4 threads.
Compressing objects:  14% (1/7)   Compressing objects:  28% (2/7)   Compressing objects:  42% (3/7)   Compressing objects:  57% (4/7)   Compressing objects:  71% (5/7)   Compressing objects:  85% (6/7)   Compressing objects: 100% (7/7)   Compressing objects: 100% (7/7), done.
Writing objects:  14% (1/7)   Writing objects:  28% (2/7)   Writing objects:  42% (3/7)   Writing objects:  57% (4/7)   Writing objects:  71% (5/7)   Writing objects:  85% (6/7)   Writing objects: 100% (7/7)   Writing objects: 100% (7/7), 792 bytes | 0 bytes/s, done.
Total 7 (delta 4), reused 0 (delta 0)
remote: Resolving deltas:   0% (0/4)   [Kremote: Resolving deltas:  25% (1/4)   [Kremote: Resolving deltas:  50% (2/4)   [Kremote: Resolving deltas:  75% (3/4)   [Kremote: Resolving deltas: 100% (4/4)   [Kremote: Resolving deltas: 100% (4/4), completed with 4 local objects.[K
To https://github.com/darwinanddavis/LECWorkingGroup
   2a347ce..84792d0  master -> master
]0;~/Documents/Emory/research/workshops/stl/model6300L-127771-M:model malishev$ git pushcommit -m 'readme'add .[K
]0;~/Documents/Emory/research/workshops/stl/model6300L-127771-M:model malishev$ git add .[1Ppushcommit -m 'readme'
[master c445968] readme
 2 files changed, 14 insertions(+), 1 deletion(-)
]0;~/Documents/Emory/research/workshops/stl/model6300L-127771-M:model malishev$ git commit -m 'readme'add .[K[1Ppush
Counting objects: 7, done.
Delta compression using up to 4 threads.
Compressing objects:  14% (1/7)   Compressing objects:  28% (2/7)   Compressing objects:  42% (3/7)   Compressing objects:  57% (4/7)   Compressing objects:  71% (5/7)   Compressing objects:  85% (6/7)   Compressing objects: 100% (7/7)   Compressing objects: 100% (7/7), done.
Writing objects:  14% (1/7)   Writing objects:  28% (2/7)   Writing objects:  42% (3/7)   Writing objects:  57% (4/7)   Writing objects:  71% (5/7)   Writing objects:  85% (6/7)   Writing objects: 100% (7/7)   Writing objects: 100% (7/7), 701 bytes | 0 bytes/s, done.
Total 7 (delta 4), reused 0 (delta 0)
remote: Resolving deltas:   0% (0/4)   [Kremote: Resolving deltas:  25% (1/4)   [Kremote: Resolving deltas:  50% (2/4)   [Kremote: Resolving deltas:  75% (3/4)   [Kremote: Resolving deltas: 100% (4/4)   [Kremote: Resolving deltas: 100% (4/4), completed with 4 local objects.[K
To https://github.com/darwinanddavis/LECWorkingGroup
   84792d0..c445968  master -> master
]0;~/Documents/Emory/research/workshops/stl/model6300L-127771-M:model malishev$ git pushcommit -m 'readme'add .[K
]0;~/Documents/Emory/research/workshops/stl/model6300L-127771-M:model malishev$ git add .[1Ppushcommit -m 'readme'[1P'[1P'[1P'[1P'[1P'[1P'b'e't'a'[1P'[1P'[1P'[1P'b'e't'a' 't'e's't'
[master 986ab35] beta test
 3 files changed, 19 insertions(+), 13 deletions(-)
]0;~/Documents/Emory/research/workshops/stl/model6300L-127771-M:model malishev$ git commit -m 'beta test'add .[K[1Ppush
Counting objects: 10, done.
Delta compression using up to 4 threads.
Compressing objects:  11% (1/9)   Compressing objects:  22% (2/9)   Compressing objects:  33% (3/9)   Compressing objects:  44% (4/9)   Compressing objects:  55% (5/9)   Compressing objects:  66% (6/9)   Compressing objects:  77% (7/9)   Compressing objects:  88% (8/9)   Compressing objects: 100% (9/9)   Compressing objects: 100% (9/9), done.
Writing objects:  10% (1/10)   Writing objects:  20% (2/10)   Writing objects:  30% (3/10)   Writing objects:  40% (4/10)   Writing objects:  50% (5/10)   Writing objects:  60% (6/10)   Writing objects:  70% (7/10)   Writing objects:  80% (8/10)   Writing objects:  90% (9/10)   Writing objects: 100% (10/10)   Writing objects: 100% (10/10), 964 bytes | 0 bytes/s, done.
Total 10 (delta 4), reused 0 (delta 0)
remote: Resolving deltas:   0% (0/4)   [Kremote: Resolving deltas:  25% (1/4)   [Kremote: Resolving deltas:  50% (2/4)   [Kremote: Resolving deltas:  75% (3/4)   [Kremote: Resolving deltas: 100% (4/4)   [Kremote: Resolving deltas: 100% (4/4), completed with 4 local objects.[K
To https://github.com/darwinanddavis/LECWorkingGroup
   c445968..986ab35  master -> master
]0;~/Documents/Emory/research/workshops/stl/model6300L-127771-M:model malishev$ git pushcommit -m 'beta test'add .[K
]0;~/Documents/Emory/research/workshops/stl/model6300L-127771-M:model malishev$ git add .[1Ppushcommit -m 'beta test'
[master 116bd36] beta test
 3 files changed, 28 insertions(+), 5 deletions(-)
]0;~/Documents/Emory/research/workshops/stl/model6300L-127771-M:model malishev$ git commit -m 'beta test'add .[K[1Ppush
Counting objects: 10, done.
Delta compression using up to 4 threads.
Compressing objects:  11% (1/9)   Compressing objects:  22% (2/9)   Compressing objects:  33% (3/9)   Compressing objects:  44% (4/9)   Compressing objects:  55% (5/9)   Compressing objects:  66% (6/9)   Compressing objects:  77% (7/9)   Compressing objects:  88% (8/9)   Compressing objects: 100% (9/9)   Compressing objects: 100% (9/9), done.
Writing objects:  10% (1/10)   Writing objects:  20% (2/10)   Writing objects:  30% (3/10)   Writing objects:  40% (4/10)   Writing objects:  50% (5/10)   Writing objects:  60% (6/10)   Writing objects:  70% (7/10)   Writing objects:  80% (8/10)   Writing objects:  90% (9/10)   Writing objects: 100% (10/10)   Writing objects: 100% (10/10), 1.18 KiB | 0 bytes/s, done.
Total 10 (delta 4), reused 0 (delta 0)
remote: Resolving deltas:   0% (0/4)   [Kremote: Resolving deltas:  25% (1/4)   [Kremote: Resolving deltas:  50% (2/4)   [Kremote: Resolving deltas:  75% (3/4)   [Kremote: Resolving deltas: 100% (4/4)   [Kremote: Resolving deltas: 100% (4/4), completed with 4 local objects.[K
To https://github.com/darwinanddavis/LECWorkingGroup
   986ab35..116bd36  master -> master
]0;~/Documents/Emory/research/workshops/stl/model6300L-127771-M:model malishev$ git pushcommit -m 'beta test'add .[K
]0;~/Documents/Emory/research/workshops/stl/model6300L-127771-M:model malishev$ git add .[1Ppushcommit -m 'beta test'
[master e67aa72] beta test
 3 files changed, 22 insertions(+), 8 deletions(-)
]0;~/Documents/Emory/research/workshops/stl/model6300L-127771-M:model malishev$ git commit -m 'beta test'add .[K[1Ppush
Counting objects: 10, done.
Delta compression using up to 4 threads.
Compressing objects:  11% (1/9)   Compressing objects:  22% (2/9)   Compressing objects:  33% (3/9)   Compressing objects:  44% (4/9)   Compressing objects:  55% (5/9)   Compressing objects:  66% (6/9)   Compressing objects:  77% (7/9)   Compressing objects:  88% (8/9)   Compressing objects: 100% (9/9)   Compressing objects: 100% (9/9), done.
Writing objects:  10% (1/10)   Writing objects:  20% (2/10)   Writing objects:  30% (3/10)   Writing objects:  40% (4/10)   Writing objects:  50% (5/10)   Writing objects:  60% (6/10)   Writing objects:  70% (7/10)   Writing objects:  80% (8/10)   Writing objects:  90% (9/10)   Writing objects: 100% (10/10)   Writing objects: 100% (10/10), 987 bytes | 0 bytes/s, done.
Total 10 (delta 4), reused 0 (delta 0)
remote: Resolving deltas:   0% (0/4)   [Kremote: Resolving deltas:  25% (1/4)   [Kremote: Resolving deltas:  50% (2/4)   [Kremote: Resolving deltas:  75% (3/4)   [Kremote: Resolving deltas: 100% (4/4)   [Kremote: Resolving deltas: 100% (4/4), completed with 4 local objects.[K
To https://github.com/darwinanddavis/LECWorkingGroup
   116bd36..e67aa72  master -> master
git add .
