]0;~/Documents/Emory/research/workshops/stl/model[?1034h6300L-127771-M:model malishev$ [K6300L-127771-M:model malishev$ cd
]0;~6300L-127771-M:~ malishev$ cd ..
]0;/Users6300L-127771-M:Users malishev$ cd /[K~/U[Km[KDocuments/EM[Kmory/research/workshops/mod[K[K[Kstl/md[Kd[Kodel/
]0;~/Documents/Emory/research/workshops/stl/model6300L-127771-M:model malishev$ git init
Initialized empty Git repository in /Users/malishev/Documents/Emory/research/workshops/stl/model/.git/
]0;~/Documents/Emory/research/workshops/stl/model6300L-127771-M:model malishev$ git add .
]0;~/Documents/Emory/research/workshops/stl/model6300L-127771-M:model malishev$ git g[Kcommit -m ''i'n'i't' 'c'o'm'm'i't'
[master (root-commit) 8915142] init commit
 22 files changed, 423 insertions(+)
 create mode 100644 .Rhistory
 create mode 100644 .Rproj.user/ABE7B653/console06/729B3ED8
 create mode 100644 .Rproj.user/ABE7B653/console06/729B3ED8.env
 create mode 100644 .Rproj.user/ABE7B653/console06/INDEX001
 create mode 100644 .Rproj.user/ABE7B653/pcs/files-pane.pper
 create mode 100644 .Rproj.user/ABE7B653/pcs/source-pane.pper
 create mode 100644 .Rproj.user/ABE7B653/pcs/windowlayoutstate.pper
 create mode 100644 .Rproj.user/ABE7B653/pcs/workbench-pane.pper
 create mode 100644 .Rproj.user/ABE7B653/rmd-outputs
 create mode 100644 .Rproj.user/ABE7B653/saved_source_markers
 create mode 100644 .Rproj.user/ABE7B653/sources/prop/63DFB668
 create mode 100644 .Rproj.user/ABE7B653/sources/prop/INDEX
 create mode 100644 .Rproj.user/ABE7B653/sources/s-AD14A32/517F24DB
 create mode 100644 .Rproj.user/ABE7B653/sources/s-AD14A32/517F24DB-contents
 create mode 100644 .Rproj.user/ABE7B653/sources/s-AD14A32/lock_file
 create mode 100644 .Rproj.user/shared/notebooks/patch-chunk-names
 create mode 100644 NPSI.R
 create mode 100644 NPSI.Rproj
 create mode 100644 README.md
 create mode 100644 pi_death_beta.pdf
 create mode 100644 pis_death_beta.pdf
 create mode 100644 pt_beta_death.pdf
]0;~/Documents/Emory/research/workshops/stl/model6300L-127771-M:model malishev$ git ,og
git: ',og' is not a git command. See 'git --help'.

Did you mean this?
	log
]0;~/Documents/Emory/research/workshops/stl/model6300L-127771-M:model malishev$ git ,og[K[K[Klog
[?1h=[33mcommit 8915142ae7629263ddc1dd1c7050bb7561ebaa0e[m[m
Author: darwinanddavis <matthew.malishev@gmail.com>[m
Date:   Fri Dec 7 17:15:41 2018 -0600[m
[m
    init commit[m
[K6300L-127771-M:model malishev$ ls -a
.		.Rhistory	.gitignore	README.md
..		.Rproj.user	NPSI.R		lec.jpeg
.DS_Store	.git		NPSI.Rproj
]0;~/Documents/Emory/research/workshops/stl/model6300L-127771-M:model malishev$ git add .
]0;~/Documents/Emory/research/workshops/stl/model6300L-127771-M:model malishev$ git commit -m ''b'e't'a' 't'e's't'
[master 442b207] beta test
 6 files changed, 222 insertions(+), 5 deletions(-)
 rewrite .Rproj.user/ABE7B653/console06/INDEX001 (86%)
 create mode 100644 NPSI.R
 create mode 100644 NPSI.Rproj
]0;~/Documents/Emory/research/workshops/stl/model6300L-127771-M:model malishev$ git remote -v
origin	https://github.com/darwinanddavis/LECWorkingGroup (fetch)
origin	https://github.com/darwinanddavis/LECWorkingGroup (push)
]0;~/Documents/Emory/research/workshops/stl/model6300L-127771-M:model malishev$ git push
Counting objects: 13, done.
Delta compression using up to 4 threads.
Compressing objects:   8% (1/12)   Compressing objects:  16% (2/12)   Compressing objects:  25% (3/12)   Compressing objects:  33% (4/12)   Compressing objects:  41% (5/12)   Compressing objects:  50% (6/12)   Compressing objects:  58% (7/12)   Compressing objects:  66% (8/12)   Compressing objects:  75% (9/12)   Compressing objects:  83% (10/12)   Compressing objects:  91% (11/12)   Compressing objects: 100% (12/12)   Compressing objects: 100% (12/12), done.
Writing objects:   7% (1/13)   Writing objects:  15% (2/13)   Writing objects:  23% (3/13)   Writing objects:  30% (4/13)   Writing objects:  38% (5/13)   Writing objects:  46% (6/13)   Writing objects:  53% (7/13)   Writing objects:  61% (8/13)   Writing objects:  69% (9/13)   Writing objects:  76% (10/13)   Writing objects:  84% (11/13)   Writing objects:  92% (12/13)   Writing objects: 100% (13/13)   Writing objects: 100% (13/13), 3.96 KiB | 0 bytes/s, done.
Total 13 (delta 4), reused 0 (delta 0)
remote: Resolving deltas:   0% (0/4)   [Kremote: Resolving deltas:  25% (1/4)   [Kremote: Resolving deltas:  50% (2/4)   [Kremote: Resolving deltas:  75% (3/4)   [Kremote: Resolving deltas: 100% (4/4)   [Kremote: Resolving deltas: 100% (4/4), completed with 4 local objects.[K
To https://github.com/darwinanddavis/LECWorkingGroup
   03aadc7..442b207  master -> master
]0;~/Documents/Emory/research/workshops/stl/model6300L-127771-M:model malishev$ open EW[K[KREADME.md 
]0;~/Documents/Emory/research/workshops/stl/model6300L-127771-M:model malishev$ git add .[KREADME.md 
]0;~/Documents/Emory/research/workshops/stl/model6300L-127771-M:model malishev$ git commi t0m[K[K[K[Kt 0[K-m ''r'e'a'd'm'e'
[master ffda010] readme
 1 file changed, 2 insertions(+), 2 deletions(-)
]0;~/Documents/Emory/research/workshops/stl/model6300L-127771-M:model malishev$ git pois[K[K[Kush
Counting objects: 3, done.
Delta compression using up to 4 threads.
Compressing objects:  33% (1/3)   Compressing objects:  66% (2/3)   Compressing objects: 100% (3/3)   Compressing objects: 100% (3/3), done.
Writing objects:  33% (1/3)   Writing objects:  66% (2/3)   Writing objects: 100% (3/3)   Writing objects: 100% (3/3), 424 bytes | 0 bytes/s, done.
Total 3 (delta 2), reused 0 (delta 0)
remote: Resolving deltas:   0% (0/2)   [Kremote: Resolving deltas:  50% (1/2)   [Kremote: Resolving deltas: 100% (2/2)   [Kremote: Resolving deltas: 100% (2/2), completed with 2 local objects.[K
To https://github.com/darwinanddavis/LECWorkingGroup
   442b207..ffda010  master -> master
]0;~/Documents/Emory/research/workshops/stl/model6300L-127771-M:model malishev$ git pushcommit -m 'readme'[4Padd README.md 
]0;~/Documents/Emory/research/workshops/stl/model6300L-127771-M:model malishev$ git add README.md push[Kcommit -m 'readme'
[master 6bed0b5] readme
 1 file changed, 1 insertion(+), 1 deletion(-)
]0;~/Documents/Emory/research/workshops/stl/model6300L-127771-M:model malishev$ git commit -m 'readme'[4Padd README.md push[K
Counting objects: 3, done.
Delta compression using up to 4 threads.
Compressing objects:  33% (1/3)   Compressing objects:  66% (2/3)   Compressing objects: 100% (3/3)   Compressing objects: 100% (3/3), done.
Writing objects:  33% (1/3)   Writing objects:  66% (2/3)   Writing objects: 100% (3/3)   Writing objects: 100% (3/3), 306 bytes | 0 bytes/s, done.
Total 3 (delta 2), reused 0 (delta 0)
remote: Resolving deltas:   0% (0/2)   [Kremote: Resolving deltas:  50% (1/2)   [Kremote: Resolving deltas: 100% (2/2)   [Kremote: Resolving deltas: 100% (2/2), completed with 2 local objects.[K
To https://github.com/darwinanddavis/LECWorkingGroup
   ffda010..6bed0b5  master -> master
]0;~/Documents/Emory/research/workshops/stl/model6300L-127771-M:model malishev$ git pushcommit -m 'readme'[4Padd README.md 
]0;~/Documents/Emory/research/workshops/stl/model6300L-127771-M:model malishev$ git add README.md push[Kcommit -m 'readme'
On branch master
Your branch is up-to-date with 'origin/master'.
Changes not staged for commit:
	[31mmodified:   .Rproj.user/ABE7B653/console06/729B3ED8[m

no changes added to commit
]0;~/Documents/Emory/research/workshops/stl/model6300L-127771-M:model malishev$ git commit -m 'readme'[4Padd README.md commit -m 'readme'[Kgit add[K[K[Kreset
Unstaged changes after reset:
M	.Rproj.user/ABE7B653/console06/729B3ED8
]0;~/Documents/Emory/research/workshops/stl/model6300L-127771-M:model malishev$ git add .
]0;~/Documents/Emory/research/workshops/stl/model6300L-127771-M:model malishev$ git commit -m ''r'e'a'd'm'e'
[master 4fef33c] readme
 1 file changed, 57 insertions(+)
]0;~/Documents/Emory/research/workshops/stl/model6300L-127771-M:model malishev$ git commit -m 'readme'add .[Kresetcommit -m 'readme'[4Padd README.md push[K
Counting objects: 6, done.
Delta compression using up to 4 threads.
Compressing objects:  16% (1/6)   Compressing objects:  33% (2/6)   Compressing objects:  50% (3/6)   Compressing objects:  66% (4/6)   Compressing objects:  83% (5/6)   Compressing objects: 100% (6/6)   Compressing objects: 100% (6/6), done.
Writing objects:  16% (1/6)   Writing objects:  33% (2/6)   Writing objects:  50% (3/6)   Writing objects:  66% (4/6)   Writing objects:  83% (5/6)   Writing objects: 100% (6/6)   Writing objects: 100% (6/6), 2.16 KiB | 0 bytes/s, done.
Total 6 (delta 2), reused 0 (delta 0)
remote: Resolving deltas:   0% (0/2)   [Kremote: Resolving deltas:  50% (1/2)   [Kremote: Resolving deltas: 100% (2/2)   [Kremote: Resolving deltas: 100% (2/2), completed with 2 local objects.[K
To https://github.com/darwinanddavis/LECWorkingGroup
   6bed0b5..4fef33c  master -> master
]0;~/Documents/Emory/research/workshops/stl/model6300L-127771-M:model malishev$ git push[Kgit pushcommit -m 'readme'add .[K
]0;~/Documents/Emory/research/workshops/stl/model6300L-127771-M:model malishev$ git add .[1Ppushcommit -m 'readme'
[master bdda0e9] readme
 1 file changed, 13 insertions(+)
]0;~/Documents/Emory/research/workshops/stl/model6300L-127771-M:model malishev$ git commit -m 'readme'add .[K[1Ppush
Counting objects: 6, done.
Delta compression using up to 4 threads.
Compressing objects:  16% (1/6)   Compressing objects:  33% (2/6)   Compressing objects:  50% (3/6)   Compressing objects:  66% (4/6)   Compressing objects:  83% (5/6)   Compressing objects: 100% (6/6)   Compressing objects: 100% (6/6), done.
Writing objects:  16% (1/6)   Writing objects:  33% (2/6)   Writing objects:  50% (3/6)   Writing objects:  66% (4/6)   Writing objects:  83% (5/6)   Writing objects: 100% (6/6)   Writing objects: 100% (6/6), 776 bytes | 0 bytes/s, done.
Total 6 (delta 3), reused 0 (delta 0)
remote: Resolving deltas:   0% (0/3)   [Kremote: Resolving deltas:  33% (1/3)   [Kremote: Resolving deltas:  66% (2/3)   [Kremote: Resolving deltas: 100% (3/3)   [Kremote: Resolving deltas: 100% (3/3), completed with 3 local objects.[K
To https://github.com/darwinanddavis/LECWorkingGroup
   4fef33c..bdda0e9  master -> master
]0;~/Documents/Emory/research/workshops/stl/model6300L-127771-M:model malishev$ git add .
]0;~/Documents/Emory/research/workshops/stl/model6300L-127771-M:model malishev$ git commit -m ''r'e'a'd'm'e'
[master 2f7685f] readme
 1 file changed, 13 insertions(+)
]0;~/Documents/Emory/research/workshops/stl/model6300L-127771-M:model malishev$ git commit -m 'readme'add .[K[1Ppush[K[K[K[Kremove -v
git: 'remove' is not a git command. See 'git --help'.

Did you mean this?
	remote
]0;~/Documents/Emory/research/workshops/stl/model6300L-127771-M:model malishev$ git remove -v[1P[1@t
origin	https://github.com/darwinanddavis/LECWorkingGroup (fetch)
origin	https://github.com/darwinanddavis/LECWorkingGroup (push)
]0;~/Documents/Emory/research/workshops/stl/model6300L-127771-M:model malishev$ git push
Counting objects: 6, done.
Delta compression using up to 4 threads.
Compressing objects:  16% (1/6)   Compressing objects:  33% (2/6)   Compressing objects:  50% (3/6)   Compressing objects:  66% (4/6)   Compressing objects:  83% (5/6)   Compressing objects: 100% (6/6)   Compressing objects: 100% (6/6), done.
Writing objects:  16% (1/6)   Writing objects:  33% (2/6)   Writing objects:  50% (3/6)   Writing objects:  66% (4/6)   Writing objects:  83% (5/6)   Writing objects: 100% (6/6)   Writing objects: 100% (6/6), 705 bytes | 0 bytes/s, done.
Total 6 (delta 3), reused 0 (delta 0)
remote: Resolving deltas:   0% (0/3)   [Kremote: Resolving deltas:  33% (1/3)   [Kremote: Resolving deltas:  66% (2/3)   [Kremote: Resolving deltas: 100% (3/3)   [Kremote: Resolving deltas: 100% (3/3), completed with 3 local objects.[K
To https://github.com/darwinanddavis/LECWorkingGroup
   bdda0e9..2f7685f  master -> master
]0;~/Documents/Emory/research/workshops/stl/model6300L-127771-M:model malishev$ git pushremote -vv[C[C[C[Ccommit -m 'readme'add .[K
]0;~/Documents/Emory/research/workshops/stl/model6300L-127771-M:model malishev$ git add .[1Ppushremote -vv[C[C[C[Ccommit -m 'readme'
[master 4ce1476] readme
 2 files changed, 23 insertions(+), 2 deletions(-)
]0;~/Documents/Emory/research/workshops/stl/model6300L-127771-M:model malishev$ git commit -m 'readme'add .[K[1Ppushremote -v[5Ppush
Counting objects: 7, done.
Delta compression using up to 4 threads.
Compressing objects:  14% (1/7)   Compressing objects:  28% (2/7)   Compressing objects:  42% (3/7)   Compressing objects:  57% (4/7)   Compressing objects:  71% (5/7)   Compressing objects:  85% (6/7)   Compressing objects: 100% (7/7)   Compressing objects: 100% (7/7), done.
Writing objects:  14% (1/7)   Writing objects:  28% (2/7)   Writing objects:  42% (3/7)   Writing objects:  57% (4/7)   Writing objects:  71% (5/7)   Writing objects:  85% (6/7)   Writing objects: 100% (7/7)   Writing objects: 100% (7/7), 851 bytes | 0 bytes/s, done.
Total 7 (delta 4), reused 0 (delta 0)
remote: Resolving deltas:   0% (0/4)   [Kremote: Resolving deltas:  25% (1/4)   [Kremote: Resolving deltas:  50% (2/4)   [Kremote: Resolving deltas:  75% (3/4)   [Kremote: Resolving deltas: 100% (4/4)   [Kremote: Resolving deltas: 100% (4/4), completed with 4 local objects.[K
To https://github.com/darwinanddavis/LECWorkingGroup
   2f7685f..4ce1476  master -> master
]0;~/Documents/Emory/research/workshops/stl/model6300L-127771-M:model malishev$ git pushcommit -m 'readme'add .[K
]0;~/Documents/Emory/research/workshops/stl/model6300L-127771-M:model malishev$ git add .[1Ppushcommit -m 'readme'
[master 2a347ce] readme
 2 files changed, 15 insertions(+), 1 deletion(-)
]0;~/Documents/Emory/research/workshops/stl/model6300L-127771-M:model malishev$ git commit -m 'readme'add .[K[1Ppush
Counting objects: 7, done.
Delta compression using up to 4 threads.
Compressing objects:  14% (1/7)   Compressing objects:  28% (2/7)   Compressing objects:  42% (3/7)   Compressing objects:  57% (4/7)   Compressing objects:  71% (5/7)   Compressing objects:  85% (6/7)   Compressing objects: 100% (7/7)   Compressing objects: 100% (7/7), done.
Writing objects:  14% (1/7)   Writing objects:  28% (2/7)   Writing objects:  42% (3/7)   Writing objects:  57% (4/7)   Writing objects:  71% (5/7)   Writing objects:  85% (6/7)   Writing objects: 100% (7/7)   Writing objects: 100% (7/7), 938 bytes | 0 bytes/s, done.
Total 7 (delta 4), reused 0 (delta 0)
remote: Resolving deltas:   0% (0/4)   [Kremote: Resolving deltas:  25% (1/4)   [Kremote: Resolving deltas:  50% (2/4)   [Kremote: Resolving deltas:  75% (3/4)   [Kremote: Resolving deltas: 100% (4/4)   [Kremote: Resolving deltas: 100% (4/4), completed with 4 local objects.[K
To https://github.com/darwinanddavis/LECWorkingGroup
   4ce1476..2a347ce  master -> master
]0;~/Documents/Emory/research/workshops/stl/model6300L-127771-M:model malishev$ git pushcommit -m 'readme'add .[K
]0;~/Documents/Emory/research/workshops/stl/model6300L-127771-M:model malishev$ git add .[1Ppushcommit -m 'readme'
[master 84792d0] readme
 2 files changed, 14 insertions(+), 1 deletion(-)
]0;~/Documents/Emory/research/workshops/stl/model6300L-127771-M:model malishev$ git commit -m 'readme'add .[K[1Ppush
Counting objects: 7, done.
Delta compression using up to 4 threads.
Compressing objects:  14% (1/7)   Compressing objects:  28% (2/7)   Compressing objects:  42% (3/7)   Compressing objects:  57% (4/7)   Compressing objects:  71% (5/7)   Compressing objects:  85% (6/7)   Compressing objects: 100% (7/7)   Compressing objects: 100% (7/7), done.
Writing objects:  14% (1/7)   Writing objects:  28% (2/7)   Writing objects:  42% (3/7)   Writing objects:  57% (4/7)   Writing objects:  71% (5/7)   Writing objects:  85% (6/7)   Writing objects: 100% (7/7)   Writing objects: 100% (7/7), 792 bytes | 0 bytes/s, done.
Total 7 (delta 4), reused 0 (delta 0)
remote: Resolving deltas:   0% (0/4)   [Kremote: Resolving deltas:  25% (1/4)   [Kremote: Resolving deltas:  50% (2/4)   [Kremote: Resolving deltas:  75% (3/4)   [Kremote: Resolving deltas: 100% (4/4)   [Kremote: Resolving deltas: 100% (4/4), completed with 4 local objects.[K
To https://github.com/darwinanddavis/LECWorkingGroup
   2a347ce..84792d0  master -> master
]0;~/Documents/Emory/research/workshops/stl/model6300L-127771-M:model malishev$ git pushcommit -m 'readme'add .[K
]0;~/Documents/Emory/research/workshops/stl/model6300L-127771-M:model malishev$ git add .[1Ppushcommit -m 'readme'
[master c445968] readme
 2 files changed, 14 insertions(+), 1 deletion(-)
]0;~/Documents/Emory/research/workshops/stl/model6300L-127771-M:model malishev$ git commit -m 'readme'add .[K[1Ppush
Counting objects: 7, done.
Delta compression using up to 4 threads.
Compressing objects:  14% (1/7)   Compressing objects:  28% (2/7)   Compressing objects:  42% (3/7)   Compressing objects:  57% (4/7)   Compressing objects:  71% (5/7)   Compressing objects:  85% (6/7)   Compressing objects: 100% (7/7)   Compressing objects: 100% (7/7), done.
Writing objects:  14% (1/7)   Writing objects:  28% (2/7)   Writing objects:  42% (3/7)   Writing objects:  57% (4/7)   Writing objects:  71% (5/7)   Writing objects:  85% (6/7)   Writing objects: 100% (7/7)   Writing objects: 100% (7/7), 701 bytes | 0 bytes/s, done.
Total 7 (delta 4), reused 0 (delta 0)
remote: Resolving deltas:   0% (0/4)   [Kremote: Resolving deltas:  25% (1/4)   [Kremote: Resolving deltas:  50% (2/4)   [Kremote: Resolving deltas:  75% (3/4)   [Kremote: Resolving deltas: 100% (4/4)   [Kremote: Resolving deltas: 100% (4/4), completed with 4 local objects.[K
To https://github.com/darwinanddavis/LECWorkingGroup
   84792d0..c445968  master -> master
]0;~/Documents/Emory/research/workshops/stl/model6300L-127771-M:model malishev$ git pushcommit -m 'readme'add .[K
]0;~/Documents/Emory/research/workshops/stl/model6300L-127771-M:model malishev$ git add .[1Ppushcommit -m 'readme'[1P'[1P'[1P'[1P'[1P'[1P'b'e't'a'[1P'[1P'[1P'[1P'b'e't'a' 't'e's't'
[master 986ab35] beta test
 3 files changed, 19 insertions(+), 13 deletions(-)
]0;~/Documents/Emory/research/workshops/stl/model6300L-127771-M:model malishev$ git commit -m 'beta test'add .[K[1Ppush
Counting objects: 10, done.
Delta compression using up to 4 threads.
Compressing objects:  11% (1/9)   Compressing objects:  22% (2/9)   Compressing objects:  33% (3/9)   Compressing objects:  44% (4/9)   Compressing objects:  55% (5/9)   Compressing objects:  66% (6/9)   Compressing objects:  77% (7/9)   Compressing objects:  88% (8/9)   Compressing objects: 100% (9/9)   Compressing objects: 100% (9/9), done.
Writing objects:  10% (1/10)   Writing objects:  20% (2/10)   Writing objects:  30% (3/10)   Writing objects:  40% (4/10)   Writing objects:  50% (5/10)   Writing objects:  60% (6/10)   Writing objects:  70% (7/10)   Writing objects:  80% (8/10)   Writing objects:  90% (9/10)   Writing objects: 100% (10/10)   Writing objects: 100% (10/10), 964 bytes | 0 bytes/s, done.
Total 10 (delta 4), reused 0 (delta 0)
remote: Resolving deltas:   0% (0/4)   [Kremote: Resolving deltas:  25% (1/4)   [Kremote: Resolving deltas:  50% (2/4)   [Kremote: Resolving deltas:  75% (3/4)   [Kremote: Resolving deltas: 100% (4/4)   [Kremote: Resolving deltas: 100% (4/4), completed with 4 local objects.[K
To https://github.com/darwinanddavis/LECWorkingGroup
   c445968..986ab35  master -> master
]0;~/Documents/Emory/research/workshops/stl/model6300L-127771-M:model malishev$ git pushcommit -m 'beta test'add .[K
]0;~/Documents/Emory/research/workshops/stl/model6300L-127771-M:model malishev$ git add .[1Ppushcommit -m 'beta test'
[master 116bd36] beta test
 3 files changed, 28 insertions(+), 5 deletions(-)
]0;~/Documents/Emory/research/workshops/stl/model6300L-127771-M:model malishev$ git commit -m 'beta test'add .[K[1Ppush
Counting objects: 10, done.
Delta compression using up to 4 threads.
Compressing objects:  11% (1/9)   Compressing objects:  22% (2/9)   Compressing objects:  33% (3/9)   Compressing objects:  44% (4/9)   Compressing objects:  55% (5/9)   Compressing objects:  66% (6/9)   Compressing objects:  77% (7/9)   Compressing objects:  88% (8/9)   Compressing objects: 100% (9/9)   Compressing objects: 100% (9/9), done.
Writing objects:  10% (1/10)   Writing objects:  20% (2/10)   Writing objects:  30% (3/10)   Writing objects:  40% (4/10)   Writing objects:  50% (5/10)   Writing objects:  60% (6/10)   Writing objects:  70% (7/10)   Writing objects:  80% (8/10)   Writing objects:  90% (9/10)   Writing objects: 100% (10/10)   Writing objects: 100% (10/10), 1.18 KiB | 0 bytes/s, done.
Total 10 (delta 4), reused 0 (delta 0)
remote: Resolving deltas:   0% (0/4)   [Kremote: Resolving deltas:  25% (1/4)   [Kremote: Resolving deltas:  50% (2/4)   [Kremote: Resolving deltas:  75% (3/4)   [Kremote: Resolving deltas: 100% (4/4)   [Kremote: Resolving deltas: 100% (4/4), completed with 4 local objects.[K
To https://github.com/darwinanddavis/LECWorkingGroup
   986ab35..116bd36  master -> master
]0;~/Documents/Emory/research/workshops/stl/model6300L-127771-M:model malishev$ git pushcommit -m 'beta test'add .[K
]0;~/Documents/Emory/research/workshops/stl/model6300L-127771-M:model malishev$ git add .[1Ppushcommit -m 'beta test'
[master e67aa72] beta test
 3 files changed, 22 insertions(+), 8 deletions(-)
]0;~/Documents/Emory/research/workshops/stl/model6300L-127771-M:model malishev$ git commit -m 'beta test'add .[K[1Ppush
Counting objects: 10, done.
Delta compression using up to 4 threads.
Compressing objects:  11% (1/9)   Compressing objects:  22% (2/9)   Compressing objects:  33% (3/9)   Compressing objects:  44% (4/9)   Compressing objects:  55% (5/9)   Compressing objects:  66% (6/9)   Compressing objects:  77% (7/9)   Compressing objects:  88% (8/9)   Compressing objects: 100% (9/9)   Compressing objects: 100% (9/9), done.
Writing objects:  10% (1/10)   Writing objects:  20% (2/10)   Writing objects:  30% (3/10)   Writing objects:  40% (4/10)   Writing objects:  50% (5/10)   Writing objects:  60% (6/10)   Writing objects:  70% (7/10)   Writing objects:  80% (8/10)   Writing objects:  90% (9/10)   Writing objects: 100% (10/10)   Writing objects: 100% (10/10), 987 bytes | 0 bytes/s, done.
Total 10 (delta 4), reused 0 (delta 0)
remote: Resolving deltas:   0% (0/4)   [Kremote: Resolving deltas:  25% (1/4)   [Kremote: Resolving deltas:  50% (2/4)   [Kremote: Resolving deltas:  75% (3/4)   [Kremote: Resolving deltas: 100% (4/4)   [Kremote: Resolving deltas: 100% (4/4), completed with 4 local objects.[K
To https://github.com/darwinanddavis/LECWorkingGroup
   116bd36..e67aa72  master -> master
git add .
]0;~/Documents/Emory/research/workshops/stl/model6300L-127771-M:model malishev$ git commit -m ''f'i'x'e'd'[1P'[1P'[1P'[1P'u'n'c't'i'o'n' 'u'p'd'a't'e'[1P'[1P'[1P'[1P'[1P'[1P'o'u't'p'u't'[1P'[1P'[1P'[1P'[1P'[1P'[1P'[1P'[1P'[1P'[1P'[1P'[1P'[1P'[1P'[K[C's'a'v'e'd' 'f'u'n'c't'i'o'n' 'o'u't'p'u'o't'[1P'[1P't' 't'o' '[1P'[1P'[1P'[1P' 't'o' 's'[1P'w's'
[master 33775e7] saved function output to ws
 6 files changed, 1092 insertions(+), 17 deletions(-)
 rewrite .Rproj.user/ABE7B653/console06/INDEX001 (86%)
 create mode 100644 npsi_model_plot.pdf
]0;~/Documents/Emory/research/workshops/stl/model6300L-127771-M:model malishev$ git push
Counting objects: 13, done.
Delta compression using up to 4 threads.
Compressing objects:   8% (1/12)   Compressing objects:  16% (2/12)   Compressing objects:  25% (3/12)   Compressing objects:  33% (4/12)   Compressing objects:  41% (5/12)   Compressing objects:  50% (6/12)   Compressing objects:  58% (7/12)   Compressing objects:  66% (8/12)   Compressing objects:  75% (9/12)   Compressing objects:  83% (10/12)   Compressing objects:  91% (11/12)   Compressing objects: 100% (12/12)   Compressing objects: 100% (12/12), done.
Writing objects:   7% (1/13)   Writing objects:  15% (2/13)   Writing objects:  23% (3/13)   Writing objects:  30% (4/13)   Writing objects:  38% (5/13)   Writing objects:  46% (6/13)   Writing objects:  53% (7/13)   Writing objects:  61% (8/13)   Writing objects:  69% (9/13)   Writing objects:  76% (10/13)   Writing objects:  84% (11/13)   Writing objects:  92% (12/13)   Writing objects: 100% (13/13)   Writing objects: 100% (13/13), 60.56 KiB | 0 bytes/s, done.
Total 13 (delta 4), reused 0 (delta 0)
remote: Resolving deltas:   0% (0/4)   [Kremote: Resolving deltas:  25% (1/4)   [Kremote: Resolving deltas:  50% (2/4)   [Kremote: Resolving deltas:  75% (3/4)   [Kremote: Resolving deltas: 100% (4/4)   [Kremote: Resolving deltas: 100% (4/4), completed with 4 local objects.[K
To https://github.com/darwinanddavis/LECWorkingGroup
   e67aa72..33775e7  master -> master
]0;~/Documents/Emory/research/workshops/stl/model6300L-127771-M:model malishev$ git pushcommit -m 'saved function output to ws'[C[C[C[C[C[C[C[C[C[C[C[C[C[C[C[C[C[C[C[C[C[C[C[C[C[C[C[C[C[C[C[C[C[C[Cadd .[K[KREADME.md 
]0;~/Documents/Emory/research/workshops/stl/model6300L-127771-M:model malishev$ git commit 0m[K[K'[K-m ''r'e'a'd'm'e'
[master 5d1de9b] readme
 1 file changed, 2 insertions(+), 2 deletions(-)
]0;~/Documents/Emory/research/workshops/stl/model6300L-127771-M:model malishev$ git pi[Kush
Counting objects: 3, done.
Delta compression using up to 4 threads.
Compressing objects:  33% (1/3)   Compressing objects:  66% (2/3)   Compressing objects: 100% (3/3)   Compressing objects: 100% (3/3), done.
Writing objects:  33% (1/3)   Writing objects:  66% (2/3)   Writing objects: 100% (3/3)   Writing objects: 100% (3/3), 307 bytes | 0 bytes/s, done.
Total 3 (delta 2), reused 0 (delta 0)
remote: Resolving deltas:   0% (0/2)   [Kremote: Resolving deltas:  50% (1/2)   [Kremote: Resolving deltas: 100% (2/2)   [Kremote: Resolving deltas: 100% (2/2), completed with 2 local objects.[K
To https://github.com/darwinanddavis/LECWorkingGroup
   33775e7..5d1de9b  master -> master
[K6300L-127771-M:model malishev$ ls -a
.			.Rproj.user		NPSI.Rproj
..			.git			README.md
.DS_Store		.gitignore		lec.jpeg
.Rhistory		NPSI.R			npsi_model_plot.pdf
]0;~/Documents/Emory/research/workshops/stl/model6300L-127771-M:model malishev$ git emote [K[K[K[K[K[Kremote -v
origin	https://github.com/darwinanddavis/LECWorkingGroup (fetch)
origin	https://github.com/darwinanddavis/LECWorkingGroup (push)
]0;~/Documents/Emory/research/workshops/stl/model6300L-127771-M:model malishev$ git add .
]0;~/Documents/Emory/research/workshops/stl/model6300L-127771-M:model malishev$ git commit .[K-m ''a'n'n'o't'a't'i'o'n'p'[1P's'
[master 32e9f8d] annotations
 8 files changed, 550 insertions(+), 10 deletions(-)
 rewrite .Rproj.user/ABE7B653/console06/INDEX001 (85%)
]0;~/Documents/Emory/research/workshops/stl/model6300L-127771-M:model malishev$ git push[K[K[K[Kstatus
On branch master
Your branch is ahead of 'origin/master' by 1 commit.
  (use "git push" to publish your local commits)
Changes not staged for commit:
  (use "git add <file>..." to update what will be committed)
  (use "git checkout -- <file>..." to discard changes in working directory)

	[31mmodified:   .Rproj.user/ABE7B653/console06/729B3ED8[m

no changes added to commit (use "git add" and/or "git commit -a")
]0;~/Documents/Emory/research/workshops/stl/model6300L-127771-M:model malishev$ git st[K[K[K piush[K[K[K[Kush
Counting objects: 16, done.
Delta compression using up to 4 threads.
Compressing objects:   6% (1/15)   Compressing objects:  13% (2/15)   Compressing objects:  20% (3/15)   Compressing objects:  26% (4/15)   Compressing objects:  33% (5/15)   Compressing objects:  40% (6/15)   Compressing objects:  46% (7/15)   Compressing objects:  53% (8/15)   Compressing objects:  60% (9/15)   Compressing objects:  66% (10/15)   Compressing objects:  73% (11/15)   Compressing objects:  80% (12/15)   Compressing objects:  86% (13/15)   Compressing objects:  93% (14/15)   Compressing objects: 100% (15/15)   Compressing objects: 100% (15/15), done.
Writing objects:   6% (1/16)   Writing objects:  12% (2/16)   Writing objects:  18% (3/16)   Writing objects:  25% (4/16)   Writing objects:  31% (5/16)   Writing objects:  37% (6/16)   Writing objects:  43% (7/16)   Writing objects:  50% (8/16)   Writing objects:  56% (9/16)   Writing objects:  62% (10/16)   Writing objects:  68% (11/16)   Writing objects:  75% (12/16)   Writing objects:  81% (13/16)   Writing objects:  87% (14/16)   Writing objects:  93% (15/16)   Writing objects: 100% (16/16)   Writing objects: 100% (16/16), 4.23 KiB | 0 bytes/s, done.
Total 16 (delta 6), reused 0 (delta 0)
remote: Resolving deltas:   0% (0/6)   [Kremote: Resolving deltas:  16% (1/6)   [Kremote: Resolving deltas:  33% (2/6)   [Kremote: Resolving deltas:  50% (3/6)   [Kremote: Resolving deltas:  66% (4/6)   [Kremote: Resolving deltas:  83% (5/6)   [Kremote: Resolving deltas: 100% (6/6)   [Kremote: Resolving deltas: 100% (6/6), completed with 6 local objects.[K
To https://github.com/darwinanddavis/LECWorkingGroup
   5d1de9b..32e9f8d  master -> master
ls 
NPSI.R				npsi_model_plot.pdf
NPSI.Rproj			npsi_model_plot_waste_drool.pdf
NPSI_altwaste.R			npsi_model_plot_waste_host.pdf
README.md			npsi_model_plot_waste_sum.pdf
lec.jpeg
]0;~/Documents/Emory/research/workshops/stl/model6300L-127771-M:model malishev$ git add .
]0;~/Documents/Emory/research/workshops/stl/model6300L-127771-M:model malishev$ git commit -m ''a't' '[1P'[1P'l't' 'w'a's't'e' 's'i'm's'[1P'[1P'm's'[C[1@a[1@d[1@d[1@e[1@d[1@ 
[master 6d1429a] added alt waste sims
 12 files changed, 1213 insertions(+), 72 deletions(-)
 rewrite .Rproj.user/ABE7B653/console06/INDEX001 (85%)
 create mode 100644 NPSI_altwaste.R
 create mode 100644 npsi_model_plot_waste_drool.pdf
 create mode 100644 npsi_model_plot_waste_host.pdf
 create mode 100644 npsi_model_plot_waste_sum.pdf
]0;~/Documents/Emory/research/workshops/stl/model6300L-127771-M:model malishev$ git co[K[Kpush
Counting objects: 19, done.
Delta compression using up to 4 threads.
Compressing objects:   5% (1/18)   Compressing objects:  11% (2/18)   Compressing objects:  16% (3/18)   Compressing objects:  22% (4/18)   Compressing objects:  27% (5/18)   Compressing objects:  33% (6/18)   Compressing objects:  38% (7/18)   Compressing objects:  44% (8/18)   Compressing objects:  50% (9/18)   Compressing objects:  55% (10/18)   Compressing objects:  61% (11/18)   Compressing objects:  66% (12/18)   Compressing objects:  72% (13/18)   Compressing objects:  77% (14/18)   Compressing objects:  83% (15/18)   Compressing objects:  88% (16/18)   Compressing objects:  94% (17/18)   Compressing objects: 100% (18/18)   Compressing objects: 100% (18/18), done.
Writing objects:   5% (1/19)   Writing objects:  10% (2/19)   Writing objects:  15% (3/19)   Writing objects:  21% (4/19)   Writing objects:  26% (5/19)   Writing objects:  31% (6/19)   Writing objects:  36% (7/19)   Writing objects:  42% (8/19)   Writing objects:  47% (9/19)   Writing objects:  52% (10/19)   Writing objects:  57% (11/19)   Writing objects:  63% (12/19)   Writing objects:  68% (13/19)   Writing objects:  73% (14/19)   Writing objects:  78% (15/19)   Writing objects:  84% (16/19)   Writing objects:  89% (17/19)   Writing objects:  94% (18/19)   Writing objects: 100% (19/19)   Writing objects: 100% (19/19), 200.00 KiB | 0 bytes/s, done.
Total 19 (delta 8), reused 0 (delta 0)
remote: Resolving deltas:   0% (0/8)   [Kremote: Resolving deltas:  25% (2/8)   [Kremote: Resolving deltas:  37% (3/8)   [Kremote: Resolving deltas:  50% (4/8)   [Kremote: Resolving deltas:  62% (5/8)   [Kremote: Resolving deltas:  75% (6/8)   [Kremote: Resolving deltas:  87% (7/8)   [Kremote: Resolving deltas: 100% (8/8)   [Kremote: Resolving deltas: 100% (8/8), completed with 7 local objects.[K
gitTo https://github.com/darwinanddavis/LECWorkingGroup
   32e9f8d..6d1429a  master -> master
]0;~/Documents/Emory/research/workshops/stl/model6300L-127771-M:model malishev$ git remote -v
origin	https://github.com/darwinanddavis/LECWorkingGroup (fetch)
origin	https://github.com/darwinanddavis/LECWorkingGroup (push)
]0;~/Documents/Emory/research/workshops/stl/model6300L-127771-M:model malishev$ git remote -v[5Ppushcommit -m 'added alt waste sims'add .[K
]0;~/Documents/Emory/research/workshops/stl/model6300L-127771-M:model malishev$ git add .remote -v[5Ppushcommit -m 'added alt waste sims' 'p'o't'[1P'[1P'l'o't's'[1@;[1@4[1@D[1P[1P[1P[1P[1P[1P[1P[1P[1P[1P[1P[1P[1P[1@a[1@l[1@t[1@ push[Kremote -v[K[K[K[K[K[K[K[K[Kreset
Unstaged changes after reset:
M	.Rproj.user/ABE7B653/console06/729B3ED8
ls
NPSI.R				npsi_model_plot.pdf
NPSI.Rproj			npsi_model_plot_waste_drool.pdf
NPSI_altwaste.R			npsi_model_plot_waste_host.pdf
README.md			npsi_model_plot_waste_sum.pdf
lec.jpeg
]0;~/Documents/Emory/research/workshops/stl/model6300L-127771-M:model malishev$ s[Kls
NPSI.R				npsi_model_plot.pdf
NPSI.Rproj			npsi_model_plot_waste_drool.pdf
NPSI_altwaste.R			npsi_model_plot_waste_host.pdf
README.md			npsi_model_plot_waste_sum.pdf
lec.jpeg
]0;~/Documents/Emory/research/workshops/stl/model6300L-127771-M:model malishev$ ls
NPSI.R				npsi_model_plot.pdf
NPSI.Rproj			npsi_model_plot_waste_drool.pdf
NPSI_altwaste.R			npsi_model_plot_waste_host.pdf
README.md			npsi_model_plot_waste_sum.pdf
lec.jpeg
]0;~/Documents/Emory/research/workshops/stl/model6300L-127771-M:model malishev$ ls-[K =a
ls: =a: No such file or directory
]0;~/Documents/Emory/research/workshops/stl/model6300L-127771-M:model malishev$ ls =a[K[K-a
.				NPSI.Rproj
..				NPSI_altwaste.R
.DS_Store			README.md
.Rhistory			lec.jpeg
.Rproj.user			npsi_model_plot.pdf
.git				npsi_model_plot_waste_drool.pdf
.gitignore			npsi_model_plot_waste_host.pdf
NPSI.R				npsi_model_plot_waste_sum.pdf
]0;~/Documents/Emory/research/workshops/stl/model6300L-127771-M:model malishev$ git co[K[Kadd .
]0;~/Documents/Emory/research/workshops/stl/model6300L-127771-M:model malishev$ git commit -m ''a'[1P'f'i'x'e'd' 's'i'm' 'p'l'o't' 'a'l't' 'w'a's't'e'[1@s
[master 4799517] fixed sim plots alt waste
 11 files changed, 1304 insertions(+), 1280 deletions(-)
 rewrite .Rproj.user/ABE7B653/console06/INDEX001 (87%)
 rewrite npsi_model_plot.pdf (95%)
 rewrite npsi_model_plot_waste_drool.pdf (95%)
 rewrite npsi_model_plot_waste_host.pdf (95%)
 rewrite npsi_model_plot_waste_sum.pdf (95%)
]0;~/Documents/Emory/research/workshops/stl/model6300L-127771-M:model malishev$ git push
Counting objects: 18, done.
Delta compression using up to 4 threads.
Compressing objects:   5% (1/17)   Compressing objects:  11% (2/17)   Compressing objects:  17% (3/17)   Compressing objects:  23% (4/17)   Compressing objects:  29% (5/17)   Compressing objects:  35% (6/17)   Compressing objects:  41% (7/17)   Compressing objects:  47% (8/17)   Compressing objects:  52% (9/17)   Compressing objects:  58% (10/17)   Compressing objects:  64% (11/17)   Compressing objects:  70% (12/17)   Compressing objects:  76% (13/17)   Compressing objects:  82% (14/17)   Compressing objects:  88% (15/17)   Compressing objects:  94% (16/17)   Compressing objects: 100% (17/17)   Compressing objects: 100% (17/17), done.
Writing objects:   5% (1/18)   Writing objects:  11% (2/18)   Writing objects:  16% (3/18)   Writing objects:  22% (4/18)   Writing objects:  27% (5/18)   Writing objects:  33% (6/18)   Writing objects:  38% (7/18)   Writing objects:  44% (8/18)   Writing objects:  50% (9/18)   Writing objects:  55% (10/18)   Writing objects:  61% (11/18)   Writing objects:  66% (12/18)   Writing objects:  77% (14/18)   Writing objects:  83% (15/18)   Writing objects:  88% (16/18)   Writing objects:  94% (17/18)   Writing objects: 100% (18/18)   Writing objects: 100% (18/18), 215.31 KiB | 0 bytes/s, done.
Total 18 (delta 7), reused 0 (delta 0)
remote: Resolving deltas:   0% (0/7)   [Kremote: Resolving deltas:  14% (1/7)   [Kremote: Resolving deltas:  28% (2/7)   [Kremote: Resolving deltas:  42% (3/7)   [Kremote: Resolving deltas:  57% (4/7)   [Kremote: Resolving deltas:  71% (5/7)   [Kremote: Resolving deltas: 100% (7/7)   [Kremote: Resolving deltas: 100% (7/7), completed with 6 local objects.[K
To https://github.com/darwinanddavis/LECWorkingGroup
   6d1429a..4799517  master -> master
]0;~/Documents/Emory/research/workshops/stl/model6300L-127771-M:model malishev$ ls
NPSI.R				npsi_model_plot.pdf
NPSI.Rproj			npsi_model_plot_waste_drool.pdf
NPSI_altwaste.R			npsi_model_plot_waste_host.pdf
README.md			npsi_model_plot_waste_sum.pdf
lec.jpeg
]0;~/Documents/Emory/research/workshops/stl/model6300L-127771-M:model malishev$ git add .
]0;~/Documents/Emory/research/workshops/stl/model6300L-127771-M:model malishev$ git commit -m ''u'p'd'a't'e' 'a'l't' 'w'a's't'e' 'p'l'o't's'
[master 92ddeb4] update alt waste plots
 5 files changed, 32 insertions(+), 8 deletions(-)
 rewrite npsi_model_plot_waste_drool.pdf (95%)
 rewrite npsi_model_plot_waste_host.pdf (95%)
 rewrite npsi_model_plot_waste_sum.pdf (95%)
]0;~/Documents/Emory/research/workshops/stl/model6300L-127771-M:model malishev$ git push
Counting objects: 10, done.
Delta compression using up to 4 threads.
Compressing objects:  10% (1/10)   Compressing objects:  20% (2/10)   Compressing objects:  30% (3/10)   Compressing objects:  40% (4/10)   Compressing objects:  50% (5/10)   Compressing objects:  60% (6/10)   Compressing objects:  70% (7/10)   Compressing objects:  80% (8/10)   Compressing objects:  90% (9/10)   Compressing objects: 100% (10/10)   Compressing objects: 100% (10/10), done.
Writing objects:  10% (1/10)   Writing objects:  20% (2/10)   Writing objects:  30% (3/10)   Writing objects:  40% (4/10)   Writing objects:  50% (5/10)   Writing objects:  60% (6/10)   Writing objects:  70% (7/10)   Writing objects:  80% (8/10)   Writing objects:  90% (9/10)   Writing objects: 100% (10/10)   Writing objects: 100% (10/10), 197.90 KiB | 0 bytes/s, done.
Total 10 (delta 4), reused 0 (delta 0)
remote: Resolving deltas:   0% (0/4)   [Kremote: Resolving deltas:  25% (1/4)   [Kremote: Resolving deltas:  50% (2/4)   [Kremote: Resolving deltas:  75% (3/4)   [Kremote: Resolving deltas: 100% (4/4)   [Kremote: Resolving deltas: 100% (4/4), completed with 4 local objects.[K
To https://github.com/darwinanddavis/LECWorkingGroup
   4799517..92ddeb4  master -> master
]0;~/Documents/Emory/research/workshops/stl/model6300L-127771-M:model malishev$ git ad .[K[Kd. 
git: 'add.' is not a git command. See 'git --help'.

Did you mean this?
	add
]0;~/Documents/Emory/research/workshops/stl/model6300L-127771-M:model malishev$ git add .
]0;~/Documents/Emory/research/workshops/stl/model6300L-127771-M:model malishev$ git commit m[K-m ''p'l'o't' 'u'p'd'a't'e's'[1P';'4'D'[1P'[1P'[1P'
[master 55e7e5a] plot update
 4 files changed, 25 insertions(+), 3 deletions(-)
]0;~/Documents/Emory/research/workshops/stl/model6300L-127771-M:model malishev$ git push
Counting objects: 11, done.
Delta compression using up to 4 threads.
Compressing objects:  10% (1/10)   Compressing objects:  20% (2/10)   Compressing objects:  30% (3/10)   Compressing objects:  40% (4/10)   Compressing objects:  50% (5/10)   Compressing objects:  60% (6/10)   Compressing objects:  70% (7/10)   Compressing objects:  80% (8/10)   Compressing objects:  90% (9/10)   Compressing objects: 100% (10/10)   Compressing objects: 100% (10/10), done.
Writing objects:   9% (1/11)   Writing objects:  18% (2/11)   Writing objects:  27% (3/11)   Writing objects:  36% (4/11)   Writing objects:  45% (5/11)   Writing objects:  54% (6/11)   Writing objects:  63% (7/11)   Writing objects:  72% (8/11)   Writing objects:  81% (9/11)   Writing objects:  90% (10/11)   Writing objects: 100% (11/11)   Writing objects: 100% (11/11), 1.15 KiB | 0 bytes/s, done.
Total 11 (delta 5), reused 0 (delta 0)
remote: Resolving deltas:   0% (0/5)   [Kremote: Resolving deltas:  20% (1/5)   [Kremote: Resolving deltas:  40% (2/5)   [Kremote: Resolving deltas:  60% (3/5)   [Kremote: Resolving deltas:  80% (4/5)   [Kremote: Resolving deltas: 100% (5/5)   [Kremote: Resolving deltas: 100% (5/5), completed with 5 local objects.[K
To https://github.com/darwinanddavis/LECWorkingGroup
   92ddeb4..55e7e5a  master -> master
]0;~/Documents/Emory/research/workshops/stl/model6300L-127771-M:model malishev$ git s[Klog
[?1h=[33mcommit 55e7e5ac8bfcae272d0542a52265fd98ab9fe582[m[m
Author: darwinanddavis <matthew.malishev@gmail.com>[m
Date:   Thu Jan 31 22:22:38 2019 -0500[m
[m
    plot update[m
[m
[33mcommit 92ddeb432604b4af2a977a500039d4694d186fd0[m[m
Author: darwinanddavis <matthew.malishev@gmail.com>[m
Date:   Thu Jan 31 14:25:49 2019 -0500[m
:[K[K[K:[K[K:[K[K[K:[K[K[?1l>]0;~/Documents/Emory/research/workshops/stl/model6300L-127771-M:model malishev$ 
git add .
]0;~/Documents/Emory/research/workshops/stl/model6300L-127771-M:model malishev$ git commit -m ''a'n'n'o't'a't'i'o'n's' 't'o' '[1P'[1P'[1P'[1P'[1P'[1P'[1P'[1P'[1P'[1P' 't'o' 'a'l't'a'w'a'[1P'[1P'[1P'w'a's't'e'
[master f71c62d] annot to altwaste
 13 files changed, 1505 insertions(+), 1487 deletions(-)
 rewrite .Rhistory (99%)
 rewrite .Rproj.user/ABE7B653/console06/INDEX001 (85%)
 create mode 100644 altwaste_infect.pdf
 create mode 100644 altwaste_nutrients.pdf
 create mode 100644 altwaste_plant.pdf
 rewrite npsi_model_plot.pdf (88%)
 rewrite npsi_model_plot_waste_drool.pdf (95%)
 rewrite npsi_model_plot_waste_host.pdf (95%)
 rewrite npsi_model_plot_waste_sum.pdf (95%)
]0;~/Documents/Emory/research/workshops/stl/model6300L-127771-M:model malishev$ git remote -v
origin	https://github.com/darwinanddavis/LECWorkingGroup (fetch)
origin	https://github.com/darwinanddavis/LECWorkingGroup (push)
]0;~/Documents/Emory/research/workshops/stl/model6300L-127771-M:model malishev$ git push
Counting objects: 20, done.
Delta compression using up to 4 threads.
Compressing objects:   5% (1/19)   Compressing objects:  10% (2/19)   Compressing objects:  15% (3/19)   Compressing objects:  21% (4/19)   Compressing objects:  26% (5/19)   Compressing objects:  31% (6/19)   Compressing objects:  36% (7/19)   Compressing objects:  42% (8/19)   Compressing objects:  47% (9/19)   Compressing objects:  52% (10/19)   Compressing objects:  57% (11/19)   Compressing objects:  63% (12/19)   Compressing objects:  68% (13/19)   Compressing objects:  73% (14/19)   Compressing objects:  78% (15/19)   Compressing objects:  84% (16/19)   Compressing objects:  89% (17/19)   Compressing objects:  94% (18/19)   Compressing objects: 100% (19/19)   Compressing objects: 100% (19/19), done.
Writing objects:   5% (1/20)   Writing objects:  10% (2/20)   Writing objects:  15% (3/20)   Writing objects:  20% (4/20)   Writing objects:  25% (5/20)   Writing objects:  30% (6/20)   Writing objects:  35% (7/20)   Writing objects:  40% (8/20)   Writing objects:  45% (9/20)   Writing objects:  50% (10/20)   Writing objects:  55% (11/20)   Writing objects:  60% (12/20)   Writing objects:  65% (13/20)   Writing objects:  70% (14/20)   Writing objects:  75% (15/20)   Writing objects:  75% (15/20), 1.07 MiB | 761.00 KiB/s   Writing objects:  80% (16/20), 1.07 MiB | 761.00 KiB/s   Writing objects:  85% (17/20), 1.07 MiB | 761.00 KiB/s   Writing objects:  90% (18/20), 1.07 MiB | 761.00 KiB/s   Writing objects:  95% (19/20), 1.07 MiB | 761.00 KiB/s   Writing objects: 100% (20/20), 1.07 MiB | 761.00 KiB/s   Writing objects: 100% (20/20), 1.39 MiB | 761.00 KiB/s, done.
Total 20 (delta 5), reused 0 (delta 0)
remote: Resolving deltas:   0% (0/5)   [Kremote: Resolving deltas:  20% (1/5)   [Kremote: Resolving deltas:  40% (2/5)   [Kremote: Resolving deltas:  60% (3/5)   [Kremote: Resolving deltas:  80% (4/5)   [Kremote: Resolving deltas: 100% (5/5)   [Kremote: Resolving deltas: 100% (5/5), completed with 5 local objects.[K
To https://github.com/darwinanddavis/LECWorkingGroup
   55e7e5a..f71c62d  master -> master
open README.md 
]0;~/Documents/Emory/research/workshops/stl/model6300L-127771-M:model malishev$ git add .[KREADME.md 
]0;~/Documents/Emory/research/workshops/stl/model6300L-127771-M:model malishev$ git commit 00m[K[K[K-m ''r'e'a'd'm'e'
[master b4413a9] readme
 1 file changed, 2 insertions(+), 2 deletions(-)
]0;~/Documents/Emory/research/workshops/stl/model6300L-127771-M:model malishev$ git push
Counting objects: 3, done.
Delta compression using up to 4 threads.
Compressing objects:  33% (1/3)   Compressing objects:  66% (2/3)   Compressing objects: 100% (3/3)   Compressing objects: 100% (3/3), done.
Writing objects:  33% (1/3)   Writing objects:  66% (2/3)   Writing objects: 100% (3/3)   Writing objects: 100% (3/3), 388 bytes | 0 bytes/s, done.
Total 3 (delta 2), reused 0 (delta 0)
remote: Resolving deltas:   0% (0/2)   [Kremote: Resolving deltas:  50% (1/2)   [Kremote: Resolving deltas: 100% (2/2)   [Kremote: Resolving deltas: 100% (2/2), completed with 2 local objects.[K
To https://github.com/darwinanddavis/LECWorkingGroup
   f71c62d..b4413a9  master -> master
]0;~/Documents/Emory/research/workshops/stl/model6300L-127771-M:model malishev$ git pushcommit -m 'readme'[4Padd README.md 
]0;~/Documents/Emory/research/workshops/stl/model6300L-127771-M:model malishev$ git add README.md push[Kcommit -m 'readme'
[master d63ad4a] readme
 1 file changed, 1 insertion(+), 1 deletion(-)
]0;~/Documents/Emory/research/workshops/stl/model6300L-127771-M:model malishev$ git commit -m 'readme'[4Padd README.md push[K
Counting objects: 3, done.
Delta compression using up to 4 threads.
Compressing objects:  33% (1/3)   Compressing objects:  66% (2/3)   Compressing objects: 100% (3/3)   Compressing objects: 100% (3/3), done.
Writing objects:  33% (1/3)   Writing objects:  66% (2/3)   Writing objects: 100% (3/3)   Writing objects: 100% (3/3), 294 bytes | 0 bytes/s, done.
Total 3 (delta 2), reused 0 (delta 0)
remote: Resolving deltas:   0% (0/2)   [Kremote: Resolving deltas:  50% (1/2)   [Kremote: Resolving deltas: 100% (2/2)   [Kremote: Resolving deltas: 100% (2/2), completed with 2 local objects.[K
To https://github.com/darwinanddavis/LECWorkingGroup
   b4413a9..d63ad4a  master -> master
[K6300L-127771-M:model malishev$ git add . 
]0;~/Documents/Emory/research/workshops/stl/model6300L-127771-M:model malishev$ git n[Kcommit 0m[K[K-m ''[C;10D[K[K[K[K[K[K[K[K[K[K[K[K[K[K[K[K[K reset
Unstaged changes after reset:
M	.Rproj.user/ABE7B653/console06/729B3ED8
M	.Rproj.user/ABE7B653/console06/729B3ED8.env
M	.Rproj.user/ABE7B653/console06/INDEX001
M	.Rproj.user/ABE7B653/sources/prop/63DFB668
M	NPSI_altwaste.R
M	altwaste_infect.pdf
M	altwaste_nutrients.pdf
M	altwaste_plant.pdf
D	npsi_model_plot.pdf
M	npsi_model_plot_waste_drool.pdf
M	npsi_model_plot_waste_host.pdf
M	npsi_model_plot_waste_sum.pdf
]0;~/Documents/Emory/research/workshops/stl/model6300L-127771-M:model malishev$ git add .
]0;~/Documents/Emory/research/workshops/stl/model6300L-127771-M:model malishev$ git commit -m ''r'e'[1P'[1P'f'i'x'e'd' 'w'a's't'e' 'h'o's't' '[1P'[1@p[1@l[1@a[1@n[1@t[1@ [1@e[1@q[1@ [1@i[1@n[1@ 
[master 3005547] fixed plant eq in waste host
 12 files changed, 73 insertions(+), 969 deletions(-)
 rewrite .Rproj.user/ABE7B653/console06/INDEX001 (87%)
 rewrite altwaste_infect.pdf (87%)
 rewrite altwaste_nutrients.pdf (88%)
 rewrite altwaste_plant.pdf (88%)
 delete mode 100644 npsi_model_plot.pdf
 rewrite npsi_model_plot_waste_drool.pdf (95%)
 rewrite npsi_model_plot_waste_host.pdf (95%)
 rewrite npsi_model_plot_waste_sum.pdf (95%)
]0;~/Documents/Emory/research/workshops/stl/model6300L-127771-M:model malishev$ git co[K[Kpush[K[K[K[Kremote =[K-v
origin	https://github.com/darwinanddavis/LECWorkingGroup (fetch)
origin	https://github.com/darwinanddavis/LECWorkingGroup (push)
]0;~/Documents/Emory/research/workshops/stl/model6300L-127771-M:model malishev$ git push
Counting objects: 18, done.
Delta compression using up to 4 threads.
Compressing objects:   5% (1/17)   Compressing objects:  11% (2/17)   Compressing objects:  17% (3/17)   Compressing objects:  23% (4/17)   Compressing objects:  29% (5/17)   Compressing objects:  35% (6/17)   Compressing objects:  41% (7/17)   Compressing objects:  47% (8/17)   Compressing objects:  52% (9/17)   Compressing objects:  58% (10/17)   Compressing objects:  64% (11/17)   Compressing objects:  70% (12/17)   Compressing objects:  76% (13/17)   Compressing objects:  82% (14/17)   Compressing objects:  88% (15/17)   Compressing objects:  94% (16/17)   Compressing objects: 100% (17/17)   Compressing objects: 100% (17/17), done.
Writing objects:   5% (1/18)   Writing objects:  11% (2/18)   Writing objects:  16% (3/18)   Writing objects:  22% (4/18)   Writing objects:  27% (5/18)   Writing objects:  33% (6/18)   Writing objects:  38% (7/18)   Writing objects:  44% (8/18)   Writing objects:  50% (9/18)   Writing objects:  55% (10/18)   Writing objects:  61% (11/18)   Writing objects:  66% (12/18)   Writing objects:  72% (13/18)   Writing objects:  77% (14/18)   Writing objects:  83% (15/18)   Writing objects:  88% (16/18)   Writing objects:  94% (17/18)   Writing objects: 100% (18/18), 1.39 MiB | 2.68 MiB/s   Writing objects: 100% (18/18), 1.40 MiB | 2.68 MiB/s, done.
Total 18 (delta 6), reused 0 (delta 0)
remote: Resolving deltas:   0% (0/6)   [Kremote: Resolving deltas:  16% (1/6)   [Kremote: Resolving deltas:  33% (2/6)   [Kremote: Resolving deltas:  50% (3/6)   [Kremote: Resolving deltas:  66% (4/6)   [Kremote: Resolving deltas:  83% (5/6)   [Kremote: Resolving deltas: 100% (6/6)   [Kremote: Resolving deltas: 100% (6/6), completed with 6 local objects.[K
To https://github.com/darwinanddavis/LECWorkingGroup
   d63ad4a..3005547  master -> master
git add .
]0;~/Documents/Emory/research/workshops/stl/model6300L-127771-M:model malishev$ git log
[?1h=[33mcommit 3005547ab7f64e03d33136bf2260cc12433603ac[m[m
Author: darwinanddavis <matthew.malishev@gmail.com>[m
Date:   Tue Feb 26 15:10:03 2019 -0500[m
[m
    fixed plant eq in waste host[m
[m
[33mcommit d63ad4a8727ce29c87e2edbd9be0bf383c2c88c3[m[m
Author: darwinanddavis <matthew.malishev@gmail.com>[m
Date:   Tue Feb 26 09:54:58 2019 -0500[m
:[K[K[K:[K[K[?1l>]0;~/Documents/Emory/research/workshops/stl/model6300L-127771-M:model malishev$ git status
On branch master
Your branch is up-to-date with 'origin/master'.
Changes to be committed:
  (use "git reset HEAD <file>..." to unstage)

	[32mmodified:   .Rhistory[m
	[32mmodified:   .Rproj.user/ABE7B653/console06/729B3ED8[m
	[32mmodified:   .Rproj.user/ABE7B653/console06/INDEX001[m
	[32mmodified:   .Rproj.user/ABE7B653/pcs/source-pane.pper[m
	[32mmodified:   .Rproj.user/ABE7B653/pcs/windowlayoutstate.pper[m
	[32mmodified:   .Rproj.user/ABE7B653/sources/prop/63DFB668[m
	[32mmodified:   NPSI.R[m
	[32mmodified:   NPSI_altwaste.R[m
	[32mnew file:   npsi_model_plot.pdf[m

Changes not staged for commit:
  (use "git add <file>..." to update what will be committed)
  (use "git checkout -- <file>..." to discard changes in working directory)

	[31mmodified:   .Rproj.user/ABE7B653/console06/729B3ED8[m

]0;~/Documents/Emory/research/workshops/stl/model6300L-127771-M:model malishev$ git commit -m ''a'l't' 'w'a's't'e' 'u'p'd'a't'e'[1P'[1P'[1P'[1P'[1P'[1P'[1P'[1P'[1P'[1P'[1P'[1P'[1P'[1P'[1P'[1P'c'o's'm'e't'i'c's'
[master c83bcc7] cosmetics
 9 files changed, 1508 insertions(+), 521 deletions(-)
 rewrite .Rhistory (99%)
 rewrite .Rproj.user/ABE7B653/console06/INDEX001 (87%)
 create mode 100644 npsi_model_plot.pdf
]0;~/Documents/Emory/research/workshops/stl/model6300L-127771-M:model malishev$ gt [K[Kit push
Counting objects: 17, done.
Delta compression using up to 4 threads.
Compressing objects:   6% (1/15)   Compressing objects:  13% (2/15)   Compressing objects:  20% (3/15)   Compressing objects:  26% (4/15)   Compressing objects:  33% (5/15)   Compressing objects:  40% (6/15)   Compressing objects:  46% (7/15)   Compressing objects:  53% (8/15)   Compressing objects:  60% (9/15)   Compressing objects:  66% (10/15)   Compressing objects:  73% (11/15)   Compressing objects:  80% (12/15)   Compressing objects:  86% (13/15)   Compressing objects:  93% (14/15)   Compressing objects: 100% (15/15)   Compressing objects: 100% (15/15), done.
Writing objects:   5% (1/17)   Writing objects:  11% (2/17)   Writing objects:  17% (3/17)   Writing objects:  23% (4/17)   Writing objects:  29% (5/17)   Writing objects:  35% (6/17)   Writing objects:  41% (7/17)   Writing objects:  47% (8/17)   Writing objects:  52% (9/17)   Writing objects:  58% (10/17)   Writing objects:  64% (11/17)   Writing objects:  70% (12/17)   Writing objects:  76% (13/17)   Writing objects:  82% (14/17)   Writing objects:  88% (15/17)   Writing objects:  94% (16/17)   Writing objects: 100% (17/17)   Writing objects: 100% (17/17), 51.62 KiB | 0 bytes/s, done.
Total 17 (delta 6), reused 0 (delta 0)
remote: Resolving deltas:   0% (0/6)   [Kremote: Resolving deltas:  16% (1/6)   [Kremote: Resolving deltas:  33% (2/6)   [Kremote: Resolving deltas:  50% (3/6)   [Kremote: Resolving deltas:  66% (4/6)   [Kremote: Resolving deltas:  83% (5/6)   [Kremote: Resolving deltas: 100% (6/6)   [Kremote: Resolving deltas: 100% (6/6), completed with 6 local objects.[K
To https://github.com/darwinanddavis/LECWorkingGroup
   3005547..c83bcc7  master -> master
]0;~/Documents/Emory/research/workshops/stl/model6300L-127771-M:model malishev$ [K6300L-127771-M:model malishev$ [K6300L-127771-M:model malishev$ [K6300L-127771-M:model malishev$ [K6300L-127771-M:model malishev$ git add . [K[K[K[K[K[K[K[K[K[Kgit add .
]0;~/Documents/Emory/research/workshops/stl/model6300L-127771-M:model malishev$ git commit -m ''a'd'd' '[1P'[1P'[1P'[1P't'o' 'd'o' 'l's't'[1P'[1P'i's't'
[master 31b35ce] to do list
 4 files changed, 57 insertions(+), 5 deletions(-)
]0;~/Documents/Emory/research/workshops/stl/model6300L-127771-M:model malishev$ git push
Counting objects: 11, done.
Delta compression using up to 4 threads.
Compressing objects:  10% (1/10)   Compressing objects:  20% (2/10)   Compressing objects:  30% (3/10)   Compressing objects:  40% (4/10)   Compressing objects:  50% (5/10)   Compressing objects:  60% (6/10)   Compressing objects:  70% (7/10)   Compressing objects:  80% (8/10)   Compressing objects:  90% (9/10)   Compressing objects: 100% (10/10)   Compressing objects: 100% (10/10), done.
Writing objects:   9% (1/11)   Writing objects:  18% (2/11)   Writing objects:  27% (3/11)   Writing objects:  36% (4/11)   Writing objects:  45% (5/11)   Writing objects:  54% (6/11)   Writing objects:  63% (7/11)   Writing objects:  72% (8/11)   Writing objects:  81% (9/11)   Writing objects:  90% (10/11)   Writing objects: 100% (11/11)   Writing objects: 100% (11/11), 1.68 KiB | 0 bytes/s, done.
Total 11 (delta 5), reused 0 (delta 0)
remote: Resolving deltas:   0% (0/5)   [Kremote: Resolving deltas:  20% (1/5)   [Kremote: Resolving deltas:  40% (2/5)   [Kremote: Resolving deltas:  60% (3/5)   [Kremote: Resolving deltas:  80% (4/5)   [Kremote: Resolving deltas: 100% (5/5)   [Kremote: Resolving deltas: 100% (5/5), completed with 5 local objects.[K
To https://github.com/darwinanddavis/LECWorkingGroup
   c83bcc7..31b35ce  master -> master
[K6300L-127771-M:model malishev$ git add .
]0;~/Documents/Emory/research/workshops/stl/model6300L-127771-M:model malishev$ git commit -m ''a'[1P'd'[1P'a'd'[1P'[1P'p'c'k' 'i'n's't'l'a'l'[1P'[1P'a'l'l'[1P'[1P'[1P'[1P'a'l'l'
[master 2a59674] pck install
 7 files changed, 196 insertions(+), 184 deletions(-)
 rewrite .Rproj.user/ABE7B653/console06/INDEX001 (86%)
]0;~/Documents/Emory/research/workshops/stl/model6300L-127771-M:model malishev$ git push
Counting objects: 15, done.
Delta compression using up to 4 threads.
Compressing objects:   7% (1/13)   Compressing objects:  15% (2/13)   Compressing objects:  23% (3/13)   Compressing objects:  30% (4/13)   Compressing objects:  38% (5/13)   Compressing objects:  46% (6/13)   Compressing objects:  53% (7/13)   Compressing objects:  61% (8/13)   Compressing objects:  69% (9/13)   Compressing objects:  76% (10/13)   Compressing objects:  84% (11/13)   Compressing objects:  92% (12/13)   Compressing objects: 100% (13/13)   Compressing objects: 100% (13/13), done.
Writing objects:   6% (1/15)   Writing objects:  13% (2/15)   Writing objects:  20% (3/15)   Writing objects:  26% (4/15)   Writing objects:  33% (5/15)   Writing objects:  40% (6/15)   Writing objects:  46% (7/15)   Writing objects:  53% (8/15)   Writing objects:  60% (9/15)   Writing objects:  66% (10/15)   Writing objects:  73% (11/15)   Writing objects:  80% (12/15)   Writing objects:  86% (13/15)   Writing objects:  93% (14/15)   Writing objects: 100% (15/15)   Writing objects: 100% (15/15), 1.94 KiB | 0 bytes/s, done.
Total 15 (delta 6), reused 0 (delta 0)
remote: Resolving deltas:   0% (0/6)   [Kremote: Resolving deltas:  16% (1/6)   [Kremote: Resolving deltas:  33% (2/6)   [Kremote: Resolving deltas:  50% (3/6)   [Kremote: Resolving deltas:  66% (4/6)   [Kremote: Resolving deltas:  83% (5/6)   [Kremote: Resolving deltas: 100% (6/6)   [Kremote: Resolving deltas: 100% (6/6), completed with 6 local objects.[K
To https://github.com/darwinanddavis/LECWorkingGroup
   31b35ce..2a59674  master -> master
ls
NPSI.R
NPSI.Rproj
NPSI_altwaste.R
README.md
altwaste_infect.pdf
altwaste_nutrients.pdf
altwaste_plant.pdf
keyword_scrape
lec.jpeg
metaanalysis_scrape
npsi_model_plot.pdf
npsi_model_plot_waste_drool.pdf
npsi_model_plot_waste_host.pdf
npsi_model_plot_waste_sum.pdf
nqhp_model.R
nqhp_model.Rmd
nqhp_model.Rproj
]0;~/Documents/Emory/research/workshops/stl/model6300L-127771-M:model malishev$ open README.md 
]0;~/Documents/Emory/research/workshops/stl/model6300L-127771-M:model malishev$ git remote --v
origin	https://github.com/darwinanddavis/LECWorkingGroup (fetch)
origin	https://github.com/darwinanddavis/LECWorkingGroup (push)
]0;~/Documents/Emory/research/workshops/stl/model6300L-127771-M:model malishev$ git add .
]0;~/Documents/Emory/research/workshops/stl/model6300L-127771-M:model malishev$ git [K commit -m '' [A[C[C[C[C[C[C[C[C[C[C[C[C[C[C[C[C[C[C[C[C[C[C[C[C[C[C[C[C[C[C[C[C[C[C[C[C[C[C[C[C[C[C[C[C[C[Ca''d'd'e'd' 'l'e'c'[1P'[1P'[1P'[1P'[1P'[1P'[1P'[1P'[A[C[C[C[C[C[C[C[C[C[C[C[C[C[C[C[C[C[C[C[C[C[C[C[C[C[C[C[C[C[C[C[C[C[C[C[C[C[C[C[C[C[C[C[C[C[C' [K[A[C[C[C[C[C[C[C[C[C[C[C[C[C[C[C[C[C[C[C[C[C[C[C[C[C[C[C[C[C[C[C[C[C[C[C[C[C[C[C[C[C[C[C[C[C[C[K
[K[A[C[C[C[C[C[C[C[C[C[C[C[C[C[C[C[C[C[C[C[C[C[C[C[C[C[C[C[C[C[C[C[C[C[C[C[C[C[C[C[C[C[C[C[C[Cu' [A[C[C[C[C[C[C[C[C[C[C[C[C[C[C[C[C[C[C[C[C[C[C[C[C[C[C[C[C[C[C[C[C[C[C[C[C[C[C[C[C[C[C[C[C[Cp''d'a't'e'd' '[1P'[1P'[1P'[1P'[1P'[1P'[A[C[C[C[C[C[C[C[C[C[C[C[C[C[C[C[C[C[C[C[C[C[C[C[C[C[C[C[C[C[C[C[C[C[C[C[C[C[C[C[C[C[C[C[C[C[C' [K[A[C[C[C[C[C[C[C[C[C[C[C[C[C[C[C[C[C[C[C[C[C[C[C[C[C[C[C[C[C[C[C[C[C[C[C[C[C[C[C[C[C[C[C[C[C[C[1P'
[K[A[C[C[C[C[C[C[C[C[C[C[C[C[C[C[C[C[C[C[C[C[C[C[C[C[C[C[C[C[C[C[C[C[C[C[C[C[C[C[C[C[C[C[C[C[C[Cu pdated keyo[Kwork and meta bots'[1P[1@d[C[C[C[C[C[C[C[C[C[C[C[C[C[C[C
[master 22798e8] updated keyword and meta bots
 18 files changed, 867 insertions(+), 303 deletions(-)
 rewrite .Rproj.user/ABE7B653/console06/INDEX001 (86%)
 create mode 100644 keyword_scrape/LEC100testrecords.txt
 create mode 100644 keyword_scrape/article_col_names.txt
 create mode 100644 keyword_scrape/lec_keyword_search.R
 create mode 100644 keyword_scrape/lec_keyword_search.pdf
 create mode 100644 keyword_scrape/required_files.txt
 create mode 100644 keyword_scrape/search_term_inputs.txt
 create mode 100644 metaanalysis_scrape/metaanalysis_readpdf.R
 create mode 100644 metaanalysis_scrape/title_abstract_terms.txt
]0;~/Documents/Emory/research/workshops/stl/model6300L-127771-M:model malishev$ git push
Counting objects: 28, done.
Delta compression using up to 4 threads.
Compressing objects:   3% (1/26)   Compressing objects:   7% (2/26)   Compressing objects:  11% (3/26)   Compressing objects:  15% (4/26)   Compressing objects:  19% (5/26)   Compressing objects:  23% (6/26)   Compressing objects:  26% (7/26)   Compressing objects:  30% (8/26)   Compressing objects:  34% (9/26)   Compressing objects:  38% (10/26)   Compressing objects:  42% (11/26)   Compressing objects:  46% (12/26)   Compressing objects:  50% (13/26)   Compressing objects:  53% (14/26)   Compressing objects:  57% (15/26)   Compressing objects:  61% (16/26)   Compressing objects:  65% (17/26)   Compressing objects:  69% (18/26)   Compressing objects:  73% (19/26)   Compressing objects:  76% (20/26)   Compressing objects:  80% (21/26)   Compressing objects:  84% (22/26)   Compressing objects:  88% (23/26)   Compressing objects:  92% (24/26)   Compressing objects:  96% (25/26)   Compressing objects: 100% (26/26)   Compressing objects: 100% (26/26), done.
Writing objects:   3% (1/28)   Writing objects:   7% (2/28)   Writing objects:  10% (3/28)   Writing objects:  14% (4/28)   Writing objects:  17% (5/28)   Writing objects:  21% (6/28)   Writing objects:  25% (7/28)   Writing objects:  28% (8/28)   Writing objects:  32% (9/28)   Writing objects:  35% (10/28)   Writing objects:  39% (11/28)   Writing objects:  42% (12/28)   Writing objects:  46% (13/28)   Writing objects:  50% (14/28)   Writing objects:  53% (15/28)   Writing objects:  57% (16/28)   Writing objects:  60% (17/28)   Writing objects:  64% (18/28)   Writing objects:  67% (19/28)   Writing objects:  71% (20/28)   Writing objects:  75% (21/28)   Writing objects:  78% (22/28)   Writing objects:  82% (23/28)   Writing objects:  85% (24/28)   Writing objects:  89% (25/28)   Writing objects:  92% (26/28)   Writing objects:  96% (27/28)   Writing objects: 100% (28/28)   Writing objects: 100% (28/28), 107.80 KiB | 0 bytes/s, done.
Total 28 (delta 10), reused 0 (delta 0)
remote: Resolving deltas:   0% (0/10)[Kremote: Resolving deltas:  10% (1/10)[Kremote: Resolving deltas:  20% (2/10)[Kremote: Resolving deltas:  30% (3/10)[Kremote: Resolving deltas:  40% (4/10)[Kremote: Resolving deltas:  50% (5/10)[Kremote: Resolving deltas:  60% (6/10)[Kremote: Resolving deltas:  70% (7/10)[Kremote: Resolving deltas:  80% (8/10)[Kremote: Resolving deltas:  90% (9/10)[Kremote: Resolving deltas: 100% (10/10)[Kremote: Resolving deltas: 100% (10/10), completed with 10 local objects.[K
To https://github.com/darwinanddavis/LECWorkingGroup
   bea838d..22798e8  master -> master
]0;~/Documents/Emory/research/workshops/stl/model6300L-127771-M:model malishev$ got [K[K[Kit remote --n[Kv
origin	https://github.com/darwinanddavis/LECWorkingGroup (fetch)
origin	https://github.com/darwinanddavis/LECWorkingGroup (push)
]0;~/Documents/Emory/research/workshops/stl/model6300L-127771-M:model malishev$ git adad .[K[K[K[K[Kdd. [K[K .
]0;~/Documents/Emory/research/workshops/stl/model6300L-127771-M:model malishev$ git commit -m '' [A[C[C[C[C[C[C[C[C[C[C[C[C[C[C[C[C[C[C[C[C[C[C[C[C[C[C[C[C[C[C[C[C[C[C[C[C[C[C[C[C[C[C[C[C[C[Cu''p'd'[1P'[1P'[A[C[C[C[C[C[C[C[C[C[C[C[C[C[C[C[C[C[C[C[C[C[C[C[C[C[C[C[C[C[C[C[C[C[C[C[C[C[C[C[C[C[C[C[C[C[C' [K[A[C[C[C[C[C[C[C[C[C[C[C[C[C[C[C[C[C[C[C[C[C[C[C[C[C[C[C[C[C[C[C[C[C[C[C[C[C[C[C[C[C[C[C[C[C[C[K
[K[A[C[C[C[C[C[C[C[C[C[C[C[C[C[C[C[C[C[C[C[C[C[C[C[C[C[C[C[C[C[C[C[C[C[C[C[C[C[C[C[C[C[C[C[C[Cr' [A[C[C[C[C[C[C[C[C[C[C[C[C[C[C[C[C[C[C[C[C[C[C[C[C[C[C[C[C[C[C[C[C[C[C[C[C[C[C[C[C[C[C[C[C[C[1P'
[K[A[C[C[C[C[C[C[C[C[C[C[C[C[C[C[C[C[C[C[C[C[C[C[C[C[C[C[C[C[C[C[C[C[C[C[C[C[C[C[C[C[C[C[C[C[C[Cr eadme'
[master 6c42360] readme
 3 files changed, 43 insertions(+), 23 deletions(-)
]0;~/Documents/Emory/research/workshops/stl/model6300L-127771-M:model malishev$ git pish[K[K[Kush
Counting objects: 9, done.
Delta compression using up to 4 threads.
Compressing objects:  11% (1/9)   Compressing objects:  22% (2/9)   Compressing objects:  33% (3/9)   Compressing objects:  44% (4/9)   Compressing objects:  55% (5/9)   Compressing objects:  66% (6/9)   Compressing objects:  77% (7/9)   Compressing objects:  88% (8/9)   Compressing objects: 100% (9/9)   Compressing objects: 100% (9/9), done.
Writing objects:  11% (1/9)   Writing objects:  22% (2/9)   Writing objects:  33% (3/9)   Writing objects:  44% (4/9)   Writing objects:  55% (5/9)   Writing objects:  66% (6/9)   Writing objects:  77% (7/9)   Writing objects:  88% (8/9)   Writing objects: 100% (9/9)   Writing objects: 100% (9/9), 1.99 KiB | 0 bytes/s, done.
Total 9 (delta 5), reused 0 (delta 0)
remote: Resolving deltas:   0% (0/5)[Kremote: Resolving deltas:  20% (1/5)[Kremote: Resolving deltas:  40% (2/5)[Kremote: Resolving deltas:  60% (3/5)[Kremote: Resolving deltas:  80% (4/5)[Kremote: Resolving deltas: 100% (5/5)[Kremote: Resolving deltas: 100% (5/5), completed with 5 local objects.[K
To https://github.com/darwinanddavis/LECWorkingGroup
   22798e8..6c42360  master -> master
]0;~/Documents/Emory/research/workshops/stl/model6300L-127771-M:model malishev$ git pushcommit -m 'reeadme'[A[C[C[C[C[C[C[C[C[C[C[C[C[C[C[C[C[C[C[C[C[C[C[C[C[C[C[C[C[C[7Padd .
[K[A[C[C[C[C[C[C[C[C[C[C[C[C[C[C[C[C[C[C[C[C[C[C[C[C[C[C[C[C[C[C[C[C[C[C[C[C[C[C[C[Cremote --v
origin	https://github.com/darwinanddavis/LECWorkingGroup (fetch)
origin	https://github.com/darwinanddavis/LECWorkingGroup (push)
]0;~/Documents/Emory/research/workshops/stl/model6300L-127771-M:model malishev$ git remote --v[6Ppushcommit -m 'reeadme'[A[C[C[C[C[C[C[C[C[C[C[C[C[C[C[C[C[C[C[C[C[C[C[C[C[C[C[C[C[C[7Padd .
[K[A[C[C[C[C[C[C[C[C[C[C[C[C[C[C[C[C[C[C[C[C[C[C[C[C[C[C[C[C[C[C[C[C[C[C[C[C[C[C[C[C
]0;~/Documents/Emory/research/workshops/stl/model6300L-127771-M:model malishev$ git add .remote --v[6Ppushcommit -m 'reeadme'
[master 2500dff] readme
 2 files changed, 41 insertions(+), 3 deletions(-)
]0;~/Documents/Emory/research/workshops/stl/model6300L-127771-M:model malishev$ git commit -m 'reeadme'[A[C[C[C[C[C[C[C[C[C[C[C[C[C[C[C[C[C[C[C[C[C[C[C[C[C[C[C[C[C[7Padd .
[K[A[C[C[C[C[C[C[C[C[C[C[C[C[C[C[C[C[C[C[C[C[C[C[C[C[C[C[C[C[C[C[C[C[C[C[C[C[C[C[C[Cremote --v[6Ppushremote --v[6Ppush
Counting objects: 7, done.
Delta compression using up to 4 threads.
Compressing objects:  14% (1/7)   Compressing objects:  28% (2/7)   Compressing objects:  42% (3/7)   Compressing objects:  57% (4/7)   Compressing objects:  71% (5/7)   Compressing objects:  85% (6/7)   Compressing objects: 100% (7/7)   Compressing objects: 100% (7/7), done.
Writing objects:  14% (1/7)   Writing objects:  28% (2/7)   Writing objects:  42% (3/7)   Writing objects:  57% (4/7)   Writing objects:  71% (5/7)   Writing objects:  85% (6/7)   Writing objects: 100% (7/7)   Writing objects: 100% (7/7), 1.37 KiB | 0 bytes/s, done.
Total 7 (delta 4), reused 0 (delta 0)
remote: Resolving deltas:   0% (0/4)[Kremote: Resolving deltas:  25% (1/4)[Kremote: Resolving deltas:  50% (2/4)[Kremote: Resolving deltas:  75% (3/4)[Kremote: Resolving deltas: 100% (4/4)[Kremote: Resolving deltas: 100% (4/4), completed with 4 local objects.[K
To https://github.com/darwinanddavis/LECWorkingGroup
   6c42360..2500dff  master -> master
]0;~/Documents/Emory/research/workshops/stl/model6300L-127771-M:model malishev$ ls -a
.
..
.DS_Store
.Rhistory
.Rproj.user
.git
.gitignore
.here
NPSI.R
NPSI.Rproj
NPSI_altwaste.R
README.md
altwaste_infect.pdf
altwaste_nutrients.pdf
altwaste_plant.pdf
keyword_scrape
lec.jpeg
metaanalysis_scrape
npsi_model_plot.pdf
npsi_model_plot_waste_drool.pdf
npsi_model_plot_waste_host.pdf
npsi_model_plot_waste_sum.pdf
nqhp_model.R
nqhp_model.Rmd
nqhp_model.Rproj
]0;~/Documents/Emory/research/workshops/stl/model6300L-127771-M:model malishev$ ls
NPSI.R
NPSI.Rproj
NPSI_altwaste.R
README.md
altwaste_infect.pdf
altwaste_nutrients.pdf
altwaste_plant.pdf
keyword_scrape
lec.jpeg
metaanalysis_scrape
npsi_model_plot.pdf
npsi_model_plot_waste_drool.pdf
npsi_model_plot_waste_host.pdf
npsi_model_plot_waste_sum.pdf
nqhp_model.R
nqhp_model.Rmd
nqhp_model.Rproj
]0;~/Documents/Emory/research/workshops/stl/model6300L-127771-M:model malishev$ l s-a[K[K[K[Ks -a
.
..
.DS_Store
.Rhistory
.Rproj.user
.git
.gitignore
.here
NPSI.R
NPSI.Rproj
NPSI_altwaste.R
README.md
altwaste_infect.pdf
altwaste_nutrients.pdf
altwaste_plant.pdf
keyword_scrape
lec.jpeg
metaanalysis_scrape
npsi_model_plot.pdf
npsi_model_plot_waste_drool.pdf
npsi_model_plot_waste_host.pdf
npsi_model_plot_waste_sum.pdf
nqhp_model.R
nqhp_model.Rmd
nqhp_model.Rproj
]0;~/Documents/Emory/research/workshops/stl/model6300L-127771-M:model malishev$ pwd
/Users/malishev/Documents/Emory/research/workshops/stl/model
]0;~/Documents/Emory/research/workshops/stl/model6300L-127771-M:model malishev$ cd lookhere/
]0;~/Documents/Emory/research/workshops/stl/model/lookhere6300L-127771-M:lookhere malishev$ pwd
/Users/malishev/Documents/Emory/research/workshops/stl/model/lookhere
]0;~/Documents/Emory/research/workshops/stl/model/lookhere6300L-127771-M:lookhere malishev$ ls
heretest.txt
]0;~/Documents/Emory/research/workshops/stl/model/lookhere6300L-127771-M:lookhere malishev$ mkdir lookher etoo/
]0;~/Documents/Emory/research/workshops/stl/model/lookhere6300L-127771-M:lookhere malishev$ cd lookheretooo/
]0;~/Documents/Emory/research/workshops/stl/model/lookhere/lookheretoo6300L-127771-M:lookheretoo malishev$ touh [K[Kch here testtoo.txt
]0;~/Documents/Emory/research/workshops/stl/model/lookhere/lookheretoo6300L-127771-M:lookheretoo malishev$ open hereteesttoo.txt 
]0;~/Documents/Emory/research/workshops/stl/model/lookhere/lookheretoo6300L-127771-M:lookheretoo malishev$ ls
heretesttoo.txt
]0;~/Documents/Emory/research/workshops/stl/model/lookhere/lookheretoo6300L-127771-M:lookheretoo malishev$ ls -a
.		heretesttoo.txt
..
]0;~/Documents/Emory/research/workshops/stl/model/lookhere/lookheretoo6300L-127771-M:lookheretoo malishev$ cd ..
]0;~/.Trash/lookhere 17.08.426300L-127771-M:lookhere 17.08.42 malishev$ cd . .
]0;~/.Trash6300L-127771-M:.Trash malishev$ pwd
/Users/malishev/.Trash
]0;~/.Trash6300L-127771-M:.Trash malishev$ cd cd[K[K/Users/malis hev/Documents/Emory/research/workshops/stl/mode l
]0;~/Documents/Emory/research/workshops/stl/model6300L-127771-M:model malishev$ ls -a
.
..
.DS_Store
.Rhistory
.Rproj.user
.git
.gitignore
.here
NPSI.R
NPSI.Rproj
NPSI_altwaste.R
README.md
Untitled.Rmd
Untitled.html
altwaste_infect.pdf
altwaste_nutrients.pdf
altwaste_plant.pdf
keyword_scrape
lec.jpeg
metaanalysis_scrape
npsi_model_plot.pdf
npsi_model_plot_waste_drool.pdf
npsi_model_plot_waste_host.pdf
npsi_model_plot_waste_sum.pdf
nqhp_model.R
nqhp_model.Rmd
nqhp_model.Rproj
]0;~/Documents/Emory/research/workshops/stl/model6300L-127771-M:model malishev$ git add .